###############################################################################
#
# IAR ELF Linker V9.10.1.308/W64 for ARM                  25/May/2021  10:52:55
# Copyright 2007-2021 IAR Systems AB.
#
#    Output file  =
#        C:\Users\yhan\Documents\EstudoMicrocontrolares\STMicroeletronics\ArcSw\Workspaces\EWARM\ArcSw\Exe\ArcSw.out
#    Map file     =
#        C:\Users\yhan\Documents\EstudoMicrocontrolares\STMicroeletronics\ArcSw\Workspaces\EWARM\ArcSw\List\ArcSw.map
#    Command line =
#        -f
#        C:\Users\yhan\Documents\EstudoMicrocontrolares\STMicroeletronics\ArcSw\Workspaces\EWARM\ArcSw\List\ArcSw.map.rsp
#        (C:\Users\yhan\Documents\EstudoMicrocontrolares\STMicroeletronics\ArcSw\Workspaces\EWARM\ArcSw\Obj\App\Src\main.o
#        C:\Users\yhan\Documents\EstudoMicrocontrolares\STMicroeletronics\ArcSw\Workspaces\EWARM\ArcSw\Obj\EWARM\startup_stm32f103xb.o
#        C:\Users\yhan\Documents\EstudoMicrocontrolares\STMicroeletronics\ArcSw\Workspaces\EWARM\ArcSw\Obj\HAL\STMicroeletronics\STM32F1xx_HAL_Driver\Src\stm32f1xx_hal.o
#        C:\Users\yhan\Documents\EstudoMicrocontrolares\STMicroeletronics\ArcSw\Workspaces\EWARM\ArcSw\Obj\HAL\STMicroeletronics\STM32F1xx_HAL_Driver\Src\stm32f1xx_hal_adc.o
#        C:\Users\yhan\Documents\EstudoMicrocontrolares\STMicroeletronics\ArcSw\Workspaces\EWARM\ArcSw\Obj\HAL\STMicroeletronics\STM32F1xx_HAL_Driver\Src\stm32f1xx_hal_adc_ex.o
#        C:\Users\yhan\Documents\EstudoMicrocontrolares\STMicroeletronics\ArcSw\Workspaces\EWARM\ArcSw\Obj\HAL\STMicroeletronics\STM32F1xx_HAL_Driver\Src\stm32f1xx_hal_cortex.o
#        C:\Users\yhan\Documents\EstudoMicrocontrolares\STMicroeletronics\ArcSw\Workspaces\EWARM\ArcSw\Obj\HAL\STMicroeletronics\STM32F1xx_HAL_Driver\Src\stm32f1xx_hal_dma.o
#        C:\Users\yhan\Documents\EstudoMicrocontrolares\STMicroeletronics\ArcSw\Workspaces\EWARM\ArcSw\Obj\HAL\STMicroeletronics\STM32F1xx_HAL_Driver\Src\stm32f1xx_hal_exti.o
#        C:\Users\yhan\Documents\EstudoMicrocontrolares\STMicroeletronics\ArcSw\Workspaces\EWARM\ArcSw\Obj\HAL\STMicroeletronics\STM32F1xx_HAL_Driver\Src\stm32f1xx_hal_flash.o
#        C:\Users\yhan\Documents\EstudoMicrocontrolares\STMicroeletronics\ArcSw\Workspaces\EWARM\ArcSw\Obj\HAL\STMicroeletronics\STM32F1xx_HAL_Driver\Src\stm32f1xx_hal_flash_ex.o
#        C:\Users\yhan\Documents\EstudoMicrocontrolares\STMicroeletronics\ArcSw\Workspaces\EWARM\ArcSw\Obj\HAL\STMicroeletronics\STM32F1xx_HAL_Driver\Src\stm32f1xx_hal_gpio.o
#        C:\Users\yhan\Documents\EstudoMicrocontrolares\STMicroeletronics\ArcSw\Workspaces\EWARM\ArcSw\Obj\HAL\STMicroeletronics\STM32F1xx_HAL_Driver\Src\stm32f1xx_hal_gpio_ex.o
#        C:\Users\yhan\Documents\EstudoMicrocontrolares\STMicroeletronics\ArcSw\Workspaces\EWARM\ArcSw\Obj\HAL\STMicroeletronics\STM32F1xx_HAL_Driver\Src\stm32f1xx_hal_msp.o
#        C:\Users\yhan\Documents\EstudoMicrocontrolares\STMicroeletronics\ArcSw\Workspaces\EWARM\ArcSw\Obj\HAL\STMicroeletronics\STM32F1xx_HAL_Driver\Src\stm32f1xx_hal_pwr.o
#        C:\Users\yhan\Documents\EstudoMicrocontrolares\STMicroeletronics\ArcSw\Workspaces\EWARM\ArcSw\Obj\HAL\STMicroeletronics\STM32F1xx_HAL_Driver\Src\stm32f1xx_hal_rcc.o
#        C:\Users\yhan\Documents\EstudoMicrocontrolares\STMicroeletronics\ArcSw\Workspaces\EWARM\ArcSw\Obj\HAL\STMicroeletronics\STM32F1xx_HAL_Driver\Src\stm32f1xx_hal_rcc_ex.o
#        C:\Users\yhan\Documents\EstudoMicrocontrolares\STMicroeletronics\ArcSw\Workspaces\EWARM\ArcSw\Obj\HAL\STMicroeletronics\STM32F1xx_HAL_Driver\Src\stm32f1xx_hal_tim.o
#        C:\Users\yhan\Documents\EstudoMicrocontrolares\STMicroeletronics\ArcSw\Workspaces\EWARM\ArcSw\Obj\HAL\STMicroeletronics\STM32F1xx_HAL_Driver\Src\stm32f1xx_hal_tim_ex.o
#        C:\Users\yhan\Documents\EstudoMicrocontrolares\STMicroeletronics\ArcSw\Workspaces\EWARM\ArcSw\Obj\HAL\STMicroeletronics\STM32F1xx_HAL_Driver\Src\stm32f1xx_hal_uart.o
#        C:\Users\yhan\Documents\EstudoMicrocontrolares\STMicroeletronics\ArcSw\Workspaces\EWARM\ArcSw\Obj\HAL\STMicroeletronics\STM32F1xx_HAL_Driver\Src\stm32f1xx_it.o
#        C:\Users\yhan\Documents\EstudoMicrocontrolares\STMicroeletronics\ArcSw\Workspaces\EWARM\ArcSw\Obj\HAL\STMicroeletronics\STM32F1xx_HAL_Driver\Src\system_stm32f1xx.o
#        C:\Users\yhan\Documents\EstudoMicrocontrolares\STMicroeletronics\ArcSw\Workspaces\EWARM\ArcSw\Obj\Driver\Src\yc_drv_gpio.o
#        --redirect _Printf=_PrintfFull --redirect _Scanf=_ScanfFull
#        --no_out_extension -o
#        C:\Users\yhan\Documents\EstudoMicrocontrolares\STMicroeletronics\ArcSw\Workspaces\EWARM\ArcSw\Exe\ArcSw.out
#        --map
#        C:\Users\yhan\Documents\EstudoMicrocontrolares\STMicroeletronics\ArcSw\Workspaces\EWARM\ArcSw\List\ArcSw.map
#        --config
#        C:\Users\yhan\Documents\EstudoMicrocontrolares\STMicroeletronics\ArcSw\Workspaces\EWARM/stm32f103xb_flash.icf
#        --semihosting --entry __iar_program_start --vfe --text_out locale)
#
###############################################################################

*******************************************************************************
*** RUNTIME MODEL ATTRIBUTES
***

CppFlavor       = *
__SystemLibrary = DLib
__dlib_version  = 6


*******************************************************************************
*** HEAP SELECTION
***

The basic heap was selected because some modules are built with
size limitations (and not runtime checking), and --advanced_heap
was not specified.


*******************************************************************************
*** PLACEMENT SUMMARY
***

"A0":  place at address 0x800'0000 { ro section .intvec };
"P1":  place in [from 0x800'0000 to 0x801'ffff] { ro };
define block CSTACK with size = 1K, alignment = 8 { };
define block HEAP with size = 512, alignment = 8 { };
"P2":  place in [from 0x2000'0000 to 0x2000'4fff] {
          rw, block CSTACK, block HEAP };
initialize by copy { rw };

  Section            Kind         Address    Size  Object
  -------            ----         -------    ----  ------
"A0":                                        0xec
  .intvec            ro code   0x800'0000    0xec  startup_stm32f103xb.o [3]
                             - 0x800'00ec    0xec

"P1":                                      0x14a4
  .text              ro code   0x800'00ec   0x4ba  stm32f1xx_hal_rcc.o [4]
  .text              ro code   0x800'05a6    0x2a  copy_init3.o [6]
  .text              ro code   0x800'05d0     0xc  stm32f1xx_hal.o [4]
  .text              ro code   0x800'05dc    0x40  stm32f1xx_hal.o [4]
  .text              ro code   0x800'061c    0xc4  stm32f1xx_hal_cortex.o [4]
  .text              ro code   0x800'06e0   0x338  stm32f1xx_hal_adc.o [4]
  .text              ro code   0x800'0a18   0x130  stm32f1xx_hal_msp.o [4]
  .text              ro code   0x800'0b48     0x2  stm32f1xx_hal_adc.o [4]
  .text              ro code   0x800'0b4a     0x2  stm32f1xx_hal_adc_ex.o [4]
  .text              ro code   0x800'0b4c     0x2  stm32f1xx_hal_adc.o [4]
  .text              ro code   0x800'0b4e    0x14  memset.o [6]
  .text              ro code   0x800'0b64   0x1b4  stm32f1xx_hal_gpio.o [4]
  .text              ro code   0x800'0d18    0x66  ABImemset.o [6]
  .text              ro code   0x800'0d80   0x30c  stm32f1xx_hal_uart.o [4]
  .text              ro code   0x800'108c    0xb4  stm32f1xx_hal_dma.o [4]
  .text              ro code   0x800'1140     0x2  stm32f1xx_hal_uart.o [4]
  .text              ro code   0x800'1142     0x2  stm32f1xx_hal_uart.o [4]
  .text              ro code   0x800'1144     0x2  stm32f1xx_hal_uart.o [4]
  .text              ro code   0x800'1148   0x13c  main.o [1]
  .text              ro code   0x800'1284    0x24  stm32f1xx_hal.o [4]
  .text              ro code   0x800'12a8    0xe8  stm32f1xx_hal_rcc_ex.o [4]
  .text              ro code   0x800'1390    0x38  zero_init3.o [6]
  .text              ro code   0x800'13c8    0x28  stm32f1xx_it.o [4]
  .text              ro code   0x800'13f0    0x10  stm32f1xx_hal.o [4]
  .text              ro code   0x800'1400    0x28  data_init.o [6]
  .iar.init_table    const     0x800'1428    0x24  - Linker created -
  .text              ro code   0x800'144c    0x1e  cmain.o [6]
  .text              ro code   0x800'146a     0x4  low_level_init.o [5]
  .text              ro code   0x800'146e     0x4  exit.o [5]
  .text              ro code   0x800'1474     0xa  cexit.o [6]
  .text              ro code   0x800'1480    0x14  exit.o [7]
  .text              ro code   0x800'1494    0x1c  cstartup_M.o [6]
  .text              ro code   0x800'14b0    0x14  system_stm32f1xx.o [4]
  .text              ro code   0x800'14c4    0x10  startup_stm32f103xb.o [3]
  Initializer bytes  const     0x800'14d4    0x10  <for P2-1>
  .rodata            const     0x800'14e4     0x8  system_stm32f1xx.o [4]
  .text              ro code   0x800'14ec     0x4  startup_stm32f103xb.o [3]
  .text              ro code   0x800'14f0     0x4  startup_stm32f103xb.o [3]
  .text              ro code   0x800'14f4     0x4  startup_stm32f103xb.o [3]
  .text              ro code   0x800'14f8     0x4  startup_stm32f103xb.o [3]
  .text              ro code   0x800'14fc     0x4  startup_stm32f103xb.o [3]
  .text              ro code   0x800'1500     0x4  startup_stm32f103xb.o [3]
  .text              ro code   0x800'1504     0x4  startup_stm32f103xb.o [3]
  .text              ro code   0x800'1508     0x4  startup_stm32f103xb.o [3]
  .text              ro code   0x800'150c     0x4  startup_stm32f103xb.o [3]
  .text              ro code   0x800'1510     0x4  startup_stm32f103xb.o [3]
  .text              ro code   0x800'1514     0x4  startup_stm32f103xb.o [3]
  .text              ro code   0x800'1518     0x4  startup_stm32f103xb.o [3]
  .text              ro code   0x800'151c     0x4  startup_stm32f103xb.o [3]
  .text              ro code   0x800'1520     0x4  startup_stm32f103xb.o [3]
  .text              ro code   0x800'1524     0x4  startup_stm32f103xb.o [3]
  .text              ro code   0x800'1528     0x4  startup_stm32f103xb.o [3]
  .text              ro code   0x800'152c     0x4  startup_stm32f103xb.o [3]
  .text              ro code   0x800'1530     0x4  startup_stm32f103xb.o [3]
  .text              ro code   0x800'1534     0x4  startup_stm32f103xb.o [3]
  .text              ro code   0x800'1538     0x4  startup_stm32f103xb.o [3]
  .text              ro code   0x800'153c     0x4  startup_stm32f103xb.o [3]
  .text              ro code   0x800'1540     0x4  startup_stm32f103xb.o [3]
  .text              ro code   0x800'1544     0x4  startup_stm32f103xb.o [3]
  .text              ro code   0x800'1548     0x4  startup_stm32f103xb.o [3]
  .text              ro code   0x800'154c     0x4  startup_stm32f103xb.o [3]
  .text              ro code   0x800'1550     0x4  startup_stm32f103xb.o [3]
  .text              ro code   0x800'1554     0x4  startup_stm32f103xb.o [3]
  .text              ro code   0x800'1558     0x4  startup_stm32f103xb.o [3]
  .text              ro code   0x800'155c     0x4  startup_stm32f103xb.o [3]
  .text              ro code   0x800'1560     0x4  startup_stm32f103xb.o [3]
  .text              ro code   0x800'1564     0x4  startup_stm32f103xb.o [3]
  .text              ro code   0x800'1568     0x4  startup_stm32f103xb.o [3]
  .text              ro code   0x800'156c     0x4  startup_stm32f103xb.o [3]
  .text              ro code   0x800'1570     0x4  startup_stm32f103xb.o [3]
  .text              ro code   0x800'1574     0x4  startup_stm32f103xb.o [3]
  .text              ro code   0x800'1578     0x4  startup_stm32f103xb.o [3]
  .text              ro code   0x800'157c     0x4  startup_stm32f103xb.o [3]
  .text              ro code   0x800'1580     0x4  startup_stm32f103xb.o [3]
  .text              ro code   0x800'1584     0x4  startup_stm32f103xb.o [3]
  .text              ro code   0x800'1588     0x4  startup_stm32f103xb.o [3]
  .text              ro code   0x800'158c     0x4  startup_stm32f103xb.o [3]
  .rodata            const     0x800'1590     0x0  zero_init3.o [6]
  .rodata            const     0x800'1590     0x0  copy_init3.o [6]
                             - 0x800'1590  0x14a4

"P2", part 1 of 3:                           0x10
  P2-1                        0x2000'0000    0x10  <Init block>
    .data            inited   0x2000'0000     0xc  stm32f1xx_hal.o [4]
    .data            inited   0x2000'000c     0x4  system_stm32f1xx.o [4]
                            - 0x2000'0010    0x10

"P2", part 2 of 3:                           0x70
  .bss               zero     0x2000'0010    0x70  main.o [1]
                            - 0x2000'0080    0x70

"P2", part 3 of 3:                          0x400
  CSTACK                      0x2000'0080   0x400  <Block>
    CSTACK           uninit   0x2000'0080   0x400  <Block tail>
                            - 0x2000'0480   0x400

Unused ranges:

         From           To      Size
         ----           --      ----
   0x800'1590   0x801'ffff  0x1'ea70
  0x2000'0480  0x2000'4fff    0x4b80


*******************************************************************************
*** INIT TABLE
***

          Address      Size
          -------      ----
Zero (__iar_zero_init3)
    1 destination range, total size 0x70:
          0x2000'0010  0x70

Copy (__iar_copy_init3)
    1 source range, total size 0x10:
           0x800'14d4  0x10
    1 destination range, total size 0x10:
          0x2000'0000  0x10



*******************************************************************************
*** MODULE SUMMARY
***

    Module                  ro code  ro data  rw data
    ------                  -------  -------  -------
command line/config:
    -------------------------------------------------
    Total:

C:\Users\yhan\Documents\EstudoMicrocontrolares\STMicroeletronics\ArcSw\Workspaces\EWARM\ArcSw\Obj\App\Src: [1]
    main.o                      316               112
    -------------------------------------------------
    Total:                      316               112

C:\Users\yhan\Documents\EstudoMicrocontrolares\STMicroeletronics\ArcSw\Workspaces\EWARM\ArcSw\Obj\Driver\Src: [2]
    -------------------------------------------------
    Total:

C:\Users\yhan\Documents\EstudoMicrocontrolares\STMicroeletronics\ArcSw\Workspaces\EWARM\ArcSw\Obj\EWARM: [3]
    startup_stm32f103xb.o       416
    -------------------------------------------------
    Total:                      416

C:\Users\yhan\Documents\EstudoMicrocontrolares\STMicroeletronics\ArcSw\Workspaces\EWARM\ArcSw\Obj\HAL\STMicroeletronics\STM32F1xx_HAL_Driver\Src: [4]
    stm32f1xx_hal.o             128       12       12
    stm32f1xx_hal_adc.o         828
    stm32f1xx_hal_adc_ex.o        2
    stm32f1xx_hal_cortex.o      196
    stm32f1xx_hal_dma.o         180
    stm32f1xx_hal_gpio.o        436
    stm32f1xx_hal_msp.o         304
    stm32f1xx_hal_rcc.o       1'210
    stm32f1xx_hal_rcc_ex.o      232
    stm32f1xx_hal_uart.o        786
    stm32f1xx_it.o               40
    system_stm32f1xx.o           20       12        4
    -------------------------------------------------
    Total:                    4'362       24       16

dl7M_tln.a: [5]
    exit.o                        4
    low_level_init.o              4
    -------------------------------------------------
    Total:                        8

rt7M_tl.a: [6]
    ABImemset.o                 102
    cexit.o                      10
    cmain.o                      30
    copy_init3.o                 42
    cstartup_M.o                 28
    data_init.o                  40
    memset.o                     20
    zero_init3.o                 56
    -------------------------------------------------
    Total:                      328

shb_l.a: [7]
    exit.o                       20
    -------------------------------------------------
    Total:                       20

    Gaps                         10
    Linker created                        36    1'024
-----------------------------------------------------
    Grand Total:              5'460       60    1'152


*******************************************************************************
*** ENTRY LIST
***

Entry                       Address   Size  Type      Object
-----                       -------   ----  ----      ------
.iar.init_table$$Base    0x800'1428          --   Gb  - Linker created -
.iar.init_table$$Limit   0x800'144c          --   Gb  - Linker created -
?main                    0x800'144d         Code  Gb  cmain.o [6]
ADC1_2_IRQHandler        0x800'13dd    0x6  Code  Gb  stm32f1xx_it.o [4]
ADC_ConversionStop_Disable
                         0x800'09dd   0x3c  Code  Gb  stm32f1xx_hal_adc.o [4]
AHBPrescTable            0x800'14b4   0x10  Data  Gb  system_stm32f1xx.o [4]
APBPrescTable            0x800'14e4    0x8  Data  Gb  system_stm32f1xx.o [4]
BusFault_Handler         0x800'13cf    0x2  Code  Gb  stm32f1xx_it.o [4]
CSTACK$$Base            0x2000'0080          --   Gb  - Linker created -
CSTACK$$Limit           0x2000'0480          --   Gb  - Linker created -
DebugMon_Handler         0x800'13d5    0x2  Code  Gb  stm32f1xx_it.o [4]
Error_Handler            0x800'1281    0x4  Code  Gb  main.o [1]
HAL_ADCEx_InjectedConvCpltCallback
                         0x800'0b4b    0x2  Code  Gb  stm32f1xx_hal_adc_ex.o [4]
HAL_ADC_ConfigChannel    0x800'08bb   0xde  Code  Gb  stm32f1xx_hal_adc.o [4]
HAL_ADC_ConvCpltCallback
                         0x800'0b49    0x2  Code  Gb  stm32f1xx_hal_adc.o [4]
HAL_ADC_IRQHandler       0x800'07cb   0xd8  Code  Gb  stm32f1xx_hal_adc.o [4]
HAL_ADC_Init             0x800'06e1   0xea  Code  Gb  stm32f1xx_hal_adc.o [4]
HAL_ADC_LevelOutOfWindowCallback
                         0x800'0b4d    0x2  Code  Gb  stm32f1xx_hal_adc.o [4]
HAL_ADC_MspInit          0x800'0a53   0x62  Code  Gb  stm32f1xx_hal_msp.o [4]
HAL_DMA_Abort_IT         0x800'108d   0x96  Code  Gb  stm32f1xx_hal_dma.o [4]
HAL_GPIO_Init            0x800'0b65  0x180  Code  Gb  stm32f1xx_hal_gpio.o [4]
HAL_GetTick              0x800'05d1    0xc  Code  Gb  stm32f1xx_hal.o [4]
HAL_IncTick              0x800'13f1   0x10  Code  Gb  stm32f1xx_hal.o [4]
HAL_Init                 0x800'1285   0x20  Code  Gb  stm32f1xx_hal.o [4]
HAL_InitTick             0x800'05dd   0x40  Code  Gb  stm32f1xx_hal.o [4]
HAL_MspInit              0x800'0a19   0x3a  Code  Gb  stm32f1xx_hal_msp.o [4]
HAL_NVIC_EnableIRQ       0x800'068b   0x16  Code  Gb  stm32f1xx_hal_cortex.o [4]
HAL_NVIC_SetPriority     0x800'0651   0x3a  Code  Gb  stm32f1xx_hal_cortex.o [4]
HAL_NVIC_SetPriorityGrouping
                         0x800'0637   0x1a  Code  Gb  stm32f1xx_hal_cortex.o [4]
HAL_RCCEx_PeriphCLKConfig
                         0x800'12a9   0xda  Code  Gb  stm32f1xx_hal_rcc_ex.o [4]
HAL_RCC_ClockConfig      0x800'0401   0xf4  Code  Gb  stm32f1xx_hal_rcc.o [4]
HAL_RCC_GetPCLK1Freq     0x800'0543   0x10  Code  Gb  stm32f1xx_hal_rcc.o [4]
HAL_RCC_GetPCLK2Freq     0x800'0553    0xe  Code  Gb  stm32f1xx_hal_rcc.o [4]
HAL_RCC_GetSysClockFreq
                         0x800'0509   0x3a  Code  Gb  stm32f1xx_hal_rcc.o [4]
HAL_RCC_GetSysClockFreq::aPLLMULFactorTable
                         0x800'0594   0x10  Data  Lc  stm32f1xx_hal_rcc.o [4]
HAL_RCC_GetSysClockFreq::aPredivFactorTable
                         0x800'05a4    0x2  Data  Lc  stm32f1xx_hal_rcc.o [4]
HAL_RCC_OscConfig        0x800'00ed  0x30c  Code  Gb  stm32f1xx_hal_rcc.o [4]
HAL_SYSTICK_Config       0x800'06a1   0x28  Code  Gb  stm32f1xx_hal_cortex.o [4]
HAL_UART_ErrorCallback   0x800'1141    0x2  Code  Gb  stm32f1xx_hal_uart.o [4]
HAL_UART_IRQHandler      0x800'0dfd  0x162  Code  Gb  stm32f1xx_hal_uart.o [4]
HAL_UART_Init            0x800'0d81   0x1e  Code  Gb  stm32f1xx_hal_uart.o [4]
HAL_UART_MspInit         0x800'0ab5   0x7e  Code  Gb  stm32f1xx_hal_msp.o [4]
HAL_UART_RxCpltCallback
                         0x800'1145    0x2  Code  Gb  stm32f1xx_hal_uart.o [4]
HAL_UART_TxCpltCallback
                         0x800'1143    0x2  Code  Gb  stm32f1xx_hal_uart.o [4]
HardFault_Handler        0x800'13cb    0x2  Code  Gb  stm32f1xx_it.o [4]
MemManage_Handler        0x800'13cd    0x2  Code  Gb  stm32f1xx_it.o [4]
NMI_Handler              0x800'13c9    0x2  Code  Gb  stm32f1xx_it.o [4]
PendSV_Handler           0x800'13d7    0x2  Code  Gb  stm32f1xx_it.o [4]
Region$$Table$$Base      0x800'1428          --   Gb  - Linker created -
Region$$Table$$Limit     0x800'144c          --   Gb  - Linker created -
SVC_Handler              0x800'13d3    0x2  Code  Gb  stm32f1xx_it.o [4]
SysTick_Handler          0x800'13d9    0x4  Code  Gb  stm32f1xx_it.o [4]
SystemClock_Config       0x800'1203   0x7e  Code  Gb  main.o [1]
SystemCoreClock         0x2000'000c    0x4  Data  Gb  system_stm32f1xx.o [4]
SystemInit               0x800'14b1    0x2  Code  Gb  system_stm32f1xx.o [4]
UART_DMAAbortOnError     0x800'0f7d    0xc  Code  Lc  stm32f1xx_hal_uart.o [4]
UART_EndRxTransfer       0x800'0f5f   0x1c  Code  Lc  stm32f1xx_hal_uart.o [4]
UART_Receive_IT          0x800'0f89   0x84  Code  Lc  stm32f1xx_hal_uart.o [4]
UART_SetConfig           0x800'100d   0x78  Code  Lc  stm32f1xx_hal_uart.o [4]
USART1_IRQHandler        0x800'13e3    0x6  Code  Gb  stm32f1xx_it.o [4]
UsageFault_Handler       0x800'13d1    0x2  Code  Gb  stm32f1xx_it.o [4]
__NVIC_SetPriority       0x800'061d   0x1a  Code  Lc  stm32f1xx_hal_cortex.o [4]
__aeabi_memset           0x800'0d19         Code  Gb  ABImemset.o [6]
__cmain                  0x800'144d         Code  Gb  cmain.o [6]
__exit                   0x800'1481   0x14  Code  Gb  exit.o [7]
__iar_Memset             0x800'0d19         Code  Gb  ABImemset.o [6]
__iar_Memset_word        0x800'0d21         Code  Gb  ABImemset.o [6]
__iar_copy_init3         0x800'05a7   0x2a  Code  Gb  copy_init3.o [6]
__iar_data_init3         0x800'1401   0x28  Code  Gb  data_init.o [6]
__iar_program_start      0x800'1495         Code  Gb  cstartup_M.o [6]
__iar_zero_init3         0x800'1391   0x38  Code  Gb  zero_init3.o [6]
__low_level_init         0x800'146b    0x4  Code  Gb  low_level_init.o [5]
__vector_table           0x800'0000         Data  Gb  startup_stm32f103xb.o [3]
_call_main               0x800'1459         Code  Gb  cmain.o [6]
_exit                    0x800'1475         Code  Gb  cexit.o [6]
exit                     0x800'146f    0x4  Code  Gb  exit.o [5]
hadc1                   0x2000'0010   0x30  Data  Gb  main.o [1]
huart1                  0x2000'0040   0x40  Data  Gb  main.o [1]
main                     0x800'1149   0xa2  Code  Gb  main.o [1]
memset                   0x800'0b4f   0x14  Code  Gb  memset.o [6]
uwTick                  0x2000'0004    0x4  Data  Gb  stm32f1xx_hal.o [4]
uwTickFreq              0x2000'0000    0x1  Data  Gb  stm32f1xx_hal.o [4]
uwTickPrio              0x2000'0008    0x4  Data  Gb  stm32f1xx_hal.o [4]


[1] = C:\Users\yhan\Documents\EstudoMicrocontrolares\STMicroeletronics\ArcSw\Workspaces\EWARM\ArcSw\Obj\App\Src
[2] = C:\Users\yhan\Documents\EstudoMicrocontrolares\STMicroeletronics\ArcSw\Workspaces\EWARM\ArcSw\Obj\Driver\Src
[3] = C:\Users\yhan\Documents\EstudoMicrocontrolares\STMicroeletronics\ArcSw\Workspaces\EWARM\ArcSw\Obj\EWARM
[4] = C:\Users\yhan\Documents\EstudoMicrocontrolares\STMicroeletronics\ArcSw\Workspaces\EWARM\ArcSw\Obj\HAL\STMicroeletronics\STM32F1xx_HAL_Driver\Src
[5] = dl7M_tln.a
[6] = rt7M_tl.a
[7] = shb_l.a

  5'460 bytes of readonly  code memory
     60 bytes of readonly  data memory
  1'152 bytes of readwrite data memory

Errors: none
Warnings: none
