###############################################################################
#
# IAR ELF Linker V9.10.1.308/W64 for ARM                  15/Jun/2021  11:57:41
# Copyright 2007-2021 IAR Systems AB.
#
#    Output file  =
#        C:\Users\yhan\Documents\EstudoMicrocontrolares\STMicroeletronics\ArcSw\Workspaces\EWARM\ArcSw\Exe\ArcSw.out
#    Map file     =
#        C:\Users\yhan\Documents\EstudoMicrocontrolares\STMicroeletronics\ArcSw\Workspaces\EWARM\ArcSw\List\ArcSw.map
#    Command line =
#        -f
#        C:\Users\yhan\Documents\EstudoMicrocontrolares\STMicroeletronics\ArcSw\Workspaces\EWARM\ArcSw\Exe\ArcSw.out.rsp
#        (C:\Users\yhan\Documents\EstudoMicrocontrolares\STMicroeletronics\ArcSw\Workspaces\EWARM\ArcSw\Obj\App\Src\main.o
#        C:\Users\yhan\Documents\EstudoMicrocontrolares\STMicroeletronics\ArcSw\Workspaces\EWARM\ArcSw\Obj\EWARM\startup_stm32f103xb.o
#        C:\Users\yhan\Documents\EstudoMicrocontrolares\STMicroeletronics\ArcSw\Workspaces\EWARM\ArcSw\Obj\HAL\STMicroeletronics\STM32F1xx_HAL_Driver\Src\stm32f1xx_hal.o
#        C:\Users\yhan\Documents\EstudoMicrocontrolares\STMicroeletronics\ArcSw\Workspaces\EWARM\ArcSw\Obj\HAL\STMicroeletronics\STM32F1xx_HAL_Driver\Src\stm32f1xx_hal_adc.o
#        C:\Users\yhan\Documents\EstudoMicrocontrolares\STMicroeletronics\ArcSw\Workspaces\EWARM\ArcSw\Obj\HAL\STMicroeletronics\STM32F1xx_HAL_Driver\Src\stm32f1xx_hal_adc_ex.o
#        C:\Users\yhan\Documents\EstudoMicrocontrolares\STMicroeletronics\ArcSw\Workspaces\EWARM\ArcSw\Obj\HAL\STMicroeletronics\STM32F1xx_HAL_Driver\Src\stm32f1xx_hal_cortex.o
#        C:\Users\yhan\Documents\EstudoMicrocontrolares\STMicroeletronics\ArcSw\Workspaces\EWARM\ArcSw\Obj\HAL\STMicroeletronics\STM32F1xx_HAL_Driver\Src\stm32f1xx_hal_dma.o
#        C:\Users\yhan\Documents\EstudoMicrocontrolares\STMicroeletronics\ArcSw\Workspaces\EWARM\ArcSw\Obj\HAL\STMicroeletronics\STM32F1xx_HAL_Driver\Src\stm32f1xx_hal_exti.o
#        C:\Users\yhan\Documents\EstudoMicrocontrolares\STMicroeletronics\ArcSw\Workspaces\EWARM\ArcSw\Obj\HAL\STMicroeletronics\STM32F1xx_HAL_Driver\Src\stm32f1xx_hal_flash.o
#        C:\Users\yhan\Documents\EstudoMicrocontrolares\STMicroeletronics\ArcSw\Workspaces\EWARM\ArcSw\Obj\HAL\STMicroeletronics\STM32F1xx_HAL_Driver\Src\stm32f1xx_hal_flash_ex.o
#        C:\Users\yhan\Documents\EstudoMicrocontrolares\STMicroeletronics\ArcSw\Workspaces\EWARM\ArcSw\Obj\HAL\STMicroeletronics\STM32F1xx_HAL_Driver\Src\stm32f1xx_hal_gpio.o
#        C:\Users\yhan\Documents\EstudoMicrocontrolares\STMicroeletronics\ArcSw\Workspaces\EWARM\ArcSw\Obj\HAL\STMicroeletronics\STM32F1xx_HAL_Driver\Src\stm32f1xx_hal_gpio_ex.o
#        C:\Users\yhan\Documents\EstudoMicrocontrolares\STMicroeletronics\ArcSw\Workspaces\EWARM\ArcSw\Obj\HAL\STMicroeletronics\STM32F1xx_HAL_Driver\Src\stm32f1xx_hal_msp.o
#        C:\Users\yhan\Documents\EstudoMicrocontrolares\STMicroeletronics\ArcSw\Workspaces\EWARM\ArcSw\Obj\HAL\STMicroeletronics\STM32F1xx_HAL_Driver\Src\stm32f1xx_hal_pwr.o
#        C:\Users\yhan\Documents\EstudoMicrocontrolares\STMicroeletronics\ArcSw\Workspaces\EWARM\ArcSw\Obj\HAL\STMicroeletronics\STM32F1xx_HAL_Driver\Src\stm32f1xx_hal_rcc.o
#        C:\Users\yhan\Documents\EstudoMicrocontrolares\STMicroeletronics\ArcSw\Workspaces\EWARM\ArcSw\Obj\HAL\STMicroeletronics\STM32F1xx_HAL_Driver\Src\stm32f1xx_hal_rcc_ex.o
#        C:\Users\yhan\Documents\EstudoMicrocontrolares\STMicroeletronics\ArcSw\Workspaces\EWARM\ArcSw\Obj\HAL\STMicroeletronics\STM32F1xx_HAL_Driver\Src\stm32f1xx_hal_tim.o
#        C:\Users\yhan\Documents\EstudoMicrocontrolares\STMicroeletronics\ArcSw\Workspaces\EWARM\ArcSw\Obj\HAL\STMicroeletronics\STM32F1xx_HAL_Driver\Src\stm32f1xx_hal_tim_ex.o
#        C:\Users\yhan\Documents\EstudoMicrocontrolares\STMicroeletronics\ArcSw\Workspaces\EWARM\ArcSw\Obj\HAL\STMicroeletronics\STM32F1xx_HAL_Driver\Src\stm32f1xx_hal_uart.o
#        C:\Users\yhan\Documents\EstudoMicrocontrolares\STMicroeletronics\ArcSw\Workspaces\EWARM\ArcSw\Obj\HAL\STMicroeletronics\STM32F1xx_HAL_Driver\Src\stm32f1xx_it.o
#        C:\Users\yhan\Documents\EstudoMicrocontrolares\STMicroeletronics\ArcSw\Workspaces\EWARM\ArcSw\Obj\HAL\STMicroeletronics\STM32F1xx_HAL_Driver\Src\system_stm32f1xx.o
#        C:\Users\yhan\Documents\EstudoMicrocontrolares\STMicroeletronics\ArcSw\Workspaces\EWARM\ArcSw\Obj\Driver\Src\yc_drv_adc.o
#        C:\Users\yhan\Documents\EstudoMicrocontrolares\STMicroeletronics\ArcSw\Workspaces\EWARM\ArcSw\Obj\Driver\Src\yc_drv_gpio.o
#        C:\Users\yhan\Documents\EstudoMicrocontrolares\STMicroeletronics\ArcSw\Workspaces\EWARM\ArcSw\Obj\Driver\Src\yc_drv_system_clock.o
#        C:\Users\yhan\Documents\EstudoMicrocontrolares\STMicroeletronics\ArcSw\Workspaces\EWARM\ArcSw\Obj\EWARM\yc_drv_uart.o
#        --redirect _Printf=_PrintfFull --redirect _Scanf=_ScanfFull
#        --no_out_extension -o
#        C:\Users\yhan\Documents\EstudoMicrocontrolares\STMicroeletronics\ArcSw\Workspaces\EWARM\ArcSw\Exe\ArcSw.out
#        --map
#        C:\Users\yhan\Documents\EstudoMicrocontrolares\STMicroeletronics\ArcSw\Workspaces\EWARM\ArcSw\List\ArcSw.map
#        --config
#        C:\Users\yhan\Documents\EstudoMicrocontrolares\STMicroeletronics\ArcSw\Workspaces\EWARM/stm32f103xb_flash.icf
#        --semihosting --entry __iar_program_start --vfe --text_out locale)
#
###############################################################################

*******************************************************************************
*** RUNTIME MODEL ATTRIBUTES
***

CppFlavor       = *
__SystemLibrary = DLib
__dlib_version  = 6


*******************************************************************************
*** HEAP SELECTION
***

The basic heap was selected because some modules are built with
size limitations (and not runtime checking), and --advanced_heap
was not specified.


*******************************************************************************
*** PLACEMENT SUMMARY
***

"A0":  place at address 0x800'0000 { ro section .intvec };
"P1":  place in [from 0x800'0000 to 0x801'ffff] { ro };
define block CSTACK with size = 1K, alignment = 8 { };
define block HEAP with size = 512, alignment = 8 { };
"P2":  place in [from 0x2000'0000 to 0x2000'4fff] {
          rw, block CSTACK, block HEAP };
initialize by copy { rw };

  Section            Kind         Address   Size  Object
  -------            ----         -------   ----  ------
"A0":                                       0xec
  .intvec            ro code   0x800'0000   0xec  startup_stm32f103xb.o [3]
                             - 0x800'00ec   0xec

"P1":                                      0x1bc
  .text              ro code   0x800'00ec   0x2a  copy_init3.o [6]
  .text              ro code   0x800'0118   0x28  data_init.o [6]
  .iar.init_table    const     0x800'0140   0x14  - Linker created -
  .text              ro code   0x800'0154   0x1e  cmain.o [6]
  .text              ro code   0x800'0172    0x4  low_level_init.o [5]
  .text              ro code   0x800'0176    0x2  main.o [1]
  .text              ro code   0x800'0178    0x4  exit.o [5]
  .text              ro code   0x800'017c    0xa  cexit.o [6]
  .text              ro code   0x800'0188   0x14  exit.o [7]
  .text              ro code   0x800'019c   0x1c  cstartup_M.o [6]
  .text              ro code   0x800'01b8   0x14  stm32f1xx_it.o [4]
  .text              ro code   0x800'01cc   0x10  stm32f1xx_hal.o [4]
  .text              ro code   0x800'01dc   0x10  startup_stm32f103xb.o [3]
  Initializer bytes  const     0x800'01ec    0xc  <for P2-1>
  .text              ro code   0x800'01f8    0x4  startup_stm32f103xb.o [3]
  .text              ro code   0x800'01fc    0x4  startup_stm32f103xb.o [3]
  .text              ro code   0x800'0200    0x4  startup_stm32f103xb.o [3]
  .text              ro code   0x800'0204    0x4  startup_stm32f103xb.o [3]
  .text              ro code   0x800'0208    0x4  startup_stm32f103xb.o [3]
  .text              ro code   0x800'020c    0x4  startup_stm32f103xb.o [3]
  .text              ro code   0x800'0210    0x4  startup_stm32f103xb.o [3]
  .text              ro code   0x800'0214    0x4  startup_stm32f103xb.o [3]
  .text              ro code   0x800'0218    0x4  startup_stm32f103xb.o [3]
  .text              ro code   0x800'021c    0x4  startup_stm32f103xb.o [3]
  .text              ro code   0x800'0220    0x4  startup_stm32f103xb.o [3]
  .text              ro code   0x800'0224    0x4  startup_stm32f103xb.o [3]
  .text              ro code   0x800'0228    0x4  startup_stm32f103xb.o [3]
  .text              ro code   0x800'022c    0x4  startup_stm32f103xb.o [3]
  .text              ro code   0x800'0230    0x4  startup_stm32f103xb.o [3]
  .text              ro code   0x800'0234    0x4  startup_stm32f103xb.o [3]
  .text              ro code   0x800'0238    0x4  startup_stm32f103xb.o [3]
  .text              ro code   0x800'023c    0x4  startup_stm32f103xb.o [3]
  .text              ro code   0x800'0240    0x4  startup_stm32f103xb.o [3]
  .text              ro code   0x800'0244    0x4  startup_stm32f103xb.o [3]
  .text              ro code   0x800'0248    0x4  startup_stm32f103xb.o [3]
  .text              ro code   0x800'024c    0x4  startup_stm32f103xb.o [3]
  .text              ro code   0x800'0250    0x4  startup_stm32f103xb.o [3]
  .text              ro code   0x800'0254    0x4  startup_stm32f103xb.o [3]
  .text              ro code   0x800'0258    0x4  startup_stm32f103xb.o [3]
  .text              ro code   0x800'025c    0x4  startup_stm32f103xb.o [3]
  .text              ro code   0x800'0260    0x4  startup_stm32f103xb.o [3]
  .text              ro code   0x800'0264    0x4  startup_stm32f103xb.o [3]
  .text              ro code   0x800'0268    0x4  startup_stm32f103xb.o [3]
  .text              ro code   0x800'026c    0x4  startup_stm32f103xb.o [3]
  .text              ro code   0x800'0270    0x4  startup_stm32f103xb.o [3]
  .text              ro code   0x800'0274    0x4  startup_stm32f103xb.o [3]
  .text              ro code   0x800'0278    0x4  startup_stm32f103xb.o [3]
  .text              ro code   0x800'027c    0x4  startup_stm32f103xb.o [3]
  .text              ro code   0x800'0280    0x4  startup_stm32f103xb.o [3]
  .text              ro code   0x800'0284    0x4  startup_stm32f103xb.o [3]
  .text              ro code   0x800'0288    0x4  startup_stm32f103xb.o [3]
  .text              ro code   0x800'028c    0x4  startup_stm32f103xb.o [3]
  .text              ro code   0x800'0290    0x4  startup_stm32f103xb.o [3]
  .text              ro code   0x800'0294    0x4  startup_stm32f103xb.o [3]
  .text              ro code   0x800'0298    0x4  startup_stm32f103xb.o [3]
  .text              ro code   0x800'029c    0x4  startup_stm32f103xb.o [3]
  .text              ro code   0x800'02a0    0x4  startup_stm32f103xb.o [3]
  .text              ro code   0x800'02a4    0x4  system_stm32f1xx.o [4]
  .rodata            const     0x800'02a8    0x0  copy_init3.o [6]
                             - 0x800'02a8  0x1bc

"P2", part 1 of 2:                           0xc
  P2-1                        0x2000'0000    0xc  <Init block>
    .data            inited   0x2000'0000    0xc  stm32f1xx_hal.o [4]
                            - 0x2000'000c    0xc

"P2", part 2 of 2:                         0x400
  CSTACK                      0x2000'0010  0x400  <Block>
    CSTACK           uninit   0x2000'0010  0x400  <Block tail>
                            - 0x2000'0410  0x400

Unused ranges:

         From           To      Size
         ----           --      ----
   0x800'02a8   0x801'ffff  0x1'fd58
  0x2000'000c  0x2000'000f       0x4
  0x2000'0410  0x2000'4fff    0x4bf0


*******************************************************************************
*** INIT TABLE
***

          Address      Size
          -------      ----
Copy (__iar_copy_init3)
    1 source range, total size 0xc:
           0x800'01ec   0xc
    1 destination range, total size 0xc:
          0x2000'0000   0xc



*******************************************************************************
*** MODULE SUMMARY
***

    Module                 ro code  ro data  rw data
    ------                 -------  -------  -------
command line/config:
    ------------------------------------------------
    Total:

C:\Users\yhan\Documents\EstudoMicrocontrolares\STMicroeletronics\ArcSw\Workspaces\EWARM\ArcSw\Obj\App\Src: [1]
    main.o                       2
    ------------------------------------------------
    Total:                       2

C:\Users\yhan\Documents\EstudoMicrocontrolares\STMicroeletronics\ArcSw\Workspaces\EWARM\ArcSw\Obj\Driver\Src: [2]
    ------------------------------------------------
    Total:

C:\Users\yhan\Documents\EstudoMicrocontrolares\STMicroeletronics\ArcSw\Workspaces\EWARM\ArcSw\Obj\EWARM: [3]
    startup_stm32f103xb.o      424
    ------------------------------------------------
    Total:                     424

C:\Users\yhan\Documents\EstudoMicrocontrolares\STMicroeletronics\ArcSw\Workspaces\EWARM\ArcSw\Obj\HAL\STMicroeletronics\STM32F1xx_HAL_Driver\Src: [4]
    stm32f1xx_hal.o             16       12       12
    stm32f1xx_it.o              20
    system_stm32f1xx.o           4
    ------------------------------------------------
    Total:                      40       12       12

dl7M_tln.a: [5]
    exit.o                       4
    low_level_init.o             4
    ------------------------------------------------
    Total:                       8

rt7M_tl.a: [6]
    cexit.o                     10
    cmain.o                     30
    copy_init3.o                42
    cstartup_M.o                28
    data_init.o                 40
    ------------------------------------------------
    Total:                     150

shb_l.a: [7]
    exit.o                      20
    ------------------------------------------------
    Total:                      20

    Gaps                         4
    Linker created                       20    1'024
----------------------------------------------------
    Grand Total:               648       32    1'036


*******************************************************************************
*** ENTRY LIST
***

Entry                       Address  Size  Type      Object
-----                       -------  ----  ----      ------
.iar.init_table$$Base    0x800'0140         --   Gb  - Linker created -
.iar.init_table$$Limit   0x800'0154         --   Gb  - Linker created -
?main                    0x800'0155        Code  Gb  cmain.o [6]
BusFault_Handler         0x800'01bf   0x2  Code  Gb  stm32f1xx_it.o [4]
CSTACK$$Base            0x2000'0010         --   Gb  - Linker created -
CSTACK$$Limit           0x2000'0410         --   Gb  - Linker created -
DebugMon_Handler         0x800'01c5   0x2  Code  Gb  stm32f1xx_it.o [4]
HAL_IncTick              0x800'01cd  0x10  Code  Gb  stm32f1xx_hal.o [4]
HardFault_Handler        0x800'01bb   0x2  Code  Gb  stm32f1xx_it.o [4]
MemManage_Handler        0x800'01bd   0x2  Code  Gb  stm32f1xx_it.o [4]
NMI_Handler              0x800'01b9   0x2  Code  Gb  stm32f1xx_it.o [4]
PendSV_Handler           0x800'01c7   0x2  Code  Gb  stm32f1xx_it.o [4]
Region$$Table$$Base      0x800'0140         --   Gb  - Linker created -
Region$$Table$$Limit     0x800'0154         --   Gb  - Linker created -
SVC_Handler              0x800'01c3   0x2  Code  Gb  stm32f1xx_it.o [4]
SysTick_Handler          0x800'01c9   0x4  Code  Gb  stm32f1xx_it.o [4]
SystemInit               0x800'02a5   0x2  Code  Gb  system_stm32f1xx.o [4]
UsageFault_Handler       0x800'01c1   0x2  Code  Gb  stm32f1xx_it.o [4]
__cmain                  0x800'0155        Code  Gb  cmain.o [6]
__exit                   0x800'0189  0x14  Code  Gb  exit.o [7]
__iar_copy_init3         0x800'00ed  0x2a  Code  Gb  copy_init3.o [6]
__iar_data_init3         0x800'0119  0x28  Code  Gb  data_init.o [6]
__iar_program_start      0x800'019d        Code  Gb  cstartup_M.o [6]
__low_level_init         0x800'0173   0x4  Code  Gb  low_level_init.o [5]
__vector_table           0x800'0000        Data  Gb  startup_stm32f103xb.o [3]
_call_main               0x800'0161        Code  Gb  cmain.o [6]
_exit                    0x800'017d        Code  Gb  cexit.o [6]
exit                     0x800'0179   0x4  Code  Gb  exit.o [5]
main                     0x800'0177   0x2  Code  Gb  main.o [1]
uwTick                  0x2000'0004   0x4  Data  Gb  stm32f1xx_hal.o [4]
uwTickFreq              0x2000'0000   0x1  Data  Gb  stm32f1xx_hal.o [4]
uwTickPrio              0x2000'0008   0x4  Data  Gb  stm32f1xx_hal.o [4]


[1] = C:\Users\yhan\Documents\EstudoMicrocontrolares\STMicroeletronics\ArcSw\Workspaces\EWARM\ArcSw\Obj\App\Src
[2] = C:\Users\yhan\Documents\EstudoMicrocontrolares\STMicroeletronics\ArcSw\Workspaces\EWARM\ArcSw\Obj\Driver\Src
[3] = C:\Users\yhan\Documents\EstudoMicrocontrolares\STMicroeletronics\ArcSw\Workspaces\EWARM\ArcSw\Obj\EWARM
[4] = C:\Users\yhan\Documents\EstudoMicrocontrolares\STMicroeletronics\ArcSw\Workspaces\EWARM\ArcSw\Obj\HAL\STMicroeletronics\STM32F1xx_HAL_Driver\Src
[5] = dl7M_tln.a
[6] = rt7M_tl.a
[7] = shb_l.a

    648 bytes of readonly  code memory
     32 bytes of readonly  data memory
  1'036 bytes of readwrite data memory

Errors: none
Warnings: none
