
ASEM-51 V1.3                                         Copyright (c) 2002 by W.W. Heinz                                         PAGE 1





       MCS-51 Family Macro Assembler   A S E M - 5 1   V 1.3
       =====================================================



	Source File:	G:\Silvio Pasta\Ex.6\progbool2.asm
	Object File:	G:\Silvio Pasta\Ex.6\progbool2.hex
	List File:	G:\Silvio Pasta\Ex.6\progbool2.lst



 Line  I  Addr  Code            Source

    1:				; ========================================================================
    2:				; =================      ETEC Aristóteles Ferreira.     ==================
    3:				; ========          Yhan Christian Souza Silva         ===========
    4:				; =====   Programa_06  progboo2.asm  ver. 0.0 data: 26/03/13.   =========
    5:				; ========================================================================
    6:
    7:
    8:
    9:				; Programa exemplo p/ treino das instruções chamadas de Booleanas (relativas a Bits).
   10:
   11:				; Lembrando que:
   12:				; 1 - Existem Bytes e Bits com end. idênticos a diferenciação é dada pela instrução utilizada.
   13:				; 2 – P/ as instruções booleanas o "C" Carry é o Bit de passagem, igual ao Acc para Bytes.
   14:				; 3 - A utilização de uma barra antes do Bit, significa utilizar seu complemento.
   15:
   16:		N      0000	     		ORG 0000H     	; Endereço de início de programa.
   17:
   18:	  0000	D2 00				SETB 00H      	; SETA (Coloca 1) no BIT de endereço 00H.
   19:	  0002	C3		     		CLR C         	; Limpa (coloca 0) no BIT de CARRY.
   20:
   21:	  0003	A0 00				ORL C, /00H    	; Realiza a operação lógica OU entre C e o

   22:						                ; complemento  do BIT de endereço 00H.
   23:
   24:	  0005	72 00				ORL C, 00H     	; Realiza a operação lógica OU entre C e o BIT de
   25:						                ; endereço 00H.
   26:
   27:	  0007	80 FE				SJMP $        	; Trava nesta linha.
   28:
   29:						END           	; Fim de programa.





                     register banks used:  ---

                     no errors




ASEM-51 V1.3                                         Copyright (c) 2002 by W.W. Heinz                                         PAGE 2





	       L I S T   O F   S Y M B O L S
	       =============================


SYMBOL				  TYPE     VALUE	LINE
------------------------------------------------------------
??ASEM_51			  NUMBER    8051
??VERSION			  NUMBER    0130
AC				  BIT	      D6
ACC				  DATA	      E0
B				  DATA	      F0
CY				  BIT	      D7
DPH				  DATA	      83
DPL				  DATA	      82
EA				  BIT	      AF
ES				  BIT	      AC
ET0				  BIT	      A9
ET1				  BIT	      AB
EX0				  BIT	      A8
EX1				  BIT	      AA
EXTI0				  CODE	    0003
EXTI1				  CODE	    0013
F0				  BIT	      D5
IE				  DATA	      A8
IE0				  BIT	      89
IE1				  BIT	      8B
INT0				  BIT	      B2
INT1				  BIT	      B3
IP				  DATA	      B8
IT0				  BIT	      88
IT1				  BIT	      8A
OV				  BIT	      D2
P				  BIT	      D0
P0				  DATA	      80
P1				  DATA	      90
P2				  DATA	      A0
P3				  DATA	      B0
PCON				  DATA	      87
PS				  BIT	      BC
PSW				  DATA	      D0
PT0				  BIT	      B9
PT1				  BIT	      BB
PX0				  BIT	      B8
PX1				  BIT	      BA
RB8				  BIT	      9A
RD				  BIT	      B7
REN				  BIT	      9C
RESET				  CODE	    0000
RI				  BIT	      98
RS0				  BIT	      D3
RS1				  BIT	      D4
RXD				  BIT	      B0
SBUF				  DATA	      99
SCON				  DATA	      98
SINT				  CODE	    0023
SM0				  BIT	      9F

ASEM-51 V1.3                                         Copyright (c) 2002 by W.W. Heinz                                         PAGE 3



SYMBOL				  TYPE     VALUE	LINE
------------------------------------------------------------
SM1				  BIT	      9E
SM2				  BIT	      9D
SP				  DATA	      81
T0				  BIT	      B4
T1				  BIT	      B5
TB8				  BIT	      9B
TCON				  DATA	      88
TF0				  BIT	      8D
TF1				  BIT	      8F
TH0				  DATA	      8C
TH1				  DATA	      8D
TI				  BIT	      99
TIMER0				  CODE	    000B
TIMER1				  CODE	    001B
TL0				  DATA	      8A
TL1				  DATA	      8B
TMOD				  DATA	      89
TR0				  BIT	      8C
TR1				  BIT	      8E
TXD				  BIT	      B1
WR				  BIT	      B6
