Microchip MPLAB XC8 Compiler V2.32

Linker command line:

-W-3 --edf=C:\Program Files\Microchip\xc8\v2.32\pic\dat\en_msgs.txt -cn \
  -h+dist/default/production\projeto_sistemas_controle.X.production.sym \
  --cmf=dist/default/production\projeto_sistemas_controle.X.production.cmf \
  -z -Q16F877A -oC:\Users\YHANCH~1\AppData\Local\Temp\xcAs6vo.4 \
  --defsym=__MPLAB_BUILD=1 \
  -Mdist/default/production/projeto_sistemas_controle.X.production.map -E1 \
  -ver=XC8 Compiler --acfsm=1493 -ASTACK=0110h-016Fh -pstack=STACK \
  -ACODE=00h-07FFhx4 -ASTRCODE=00h-01FFFh -ASTRING=00h-0FFhx32 \
  -ACONST=00h-0FFhx32 -AENTRY=00h-0FFhx32 -ACOMMON=070h-07Fh \
  -ABANK0=020h-06Fh -ABANK1=0A0h-0EFh -ABANK2=0110h-016Fh \
  -ABANK3=0190h-01EFh -ARAM=020h-06Fh,0A0h-0EFh,0110h-016Fh,0190h-01EFh \
  -AABS1=020h-07Fh,0A0h-0EFh,0110h-016Fh,0190h-01EFh -ASFR0=00h-01Fh \
  -ASFR1=080h-09Fh -ASFR2=0100h-010Fh -ASFR3=0180h-018Fh \
  -ACONFIG=02007h-02007h -DCONFIG=2 -AIDLOC=02000h-02003h -DIDLOC=2 \
  -AEEDATA=00h-0FFh/02100h -peeprom_data=EEDATA -DEEDATA=2 -DCODE=2 \
  -DSTRCODE=2 -DSTRING=2 -DCONST=2 -DENTRY=2 \
  -preset_vec=00h,intentry,init,end_init -ppowerup=CODE -pcinit=CODE \
  -pfunctab=ENTRY -k C:\Users\YHANCH~1\AppData\Local\Temp\xcAs6vo.o \
  dist/default/production\projeto_sistemas_controle.X.production.o 

Object code version is 3.11

Machine type is 16F877A



                Name                               Link     Load   Length Selector   Space Scale
C:\Users\YHANCH~1\AppData\Local\Temp\xcAs6vo.o
                end_init                              0        0        3        0       0
                config                             2007     2007        1        0       4
dist/default/production\projeto_sistemas_controle.X.production.o
                cinit                               7F3      7F3        D      FE6       0
                config                             2007     2007        1        0       4
                text34                             1543     1543       22     2A86       0
                text33                             1529     1529       1A     2A52       0
                text32                             16F7     16F7       52     2DEE       0
                text31                             1606     1606       39     2C0C       0
                text30                             16B5     16B5       42     2D6A       0
                text29                             14C1     14C1        B     2982       0
                text28                              801      801       42     1002       0
                text27                               2D       2D      1DD       5A       0
                text26                              A04      A04       A2     1408       0
                text25                                6        6       27        C       0
                text24                              492      492      361      924       0
                text23                             14CC     14CC        B     2998       0
                text22                              20A      20A      288      414       0
                text21                             1565     1565       24     2ACA       0
                text20                              988      988       7C     1310       0
                text19                              AA6      AA6       BA     154C       0
                text18                              843      843       66     1086       0
                text17                             1749     1749       56     2E92       0
                text16                             15AD     15AD       25     2B5A       0
                text15                             1501     1501       12     2A02       0
                text14                              DB4      DB4      24C     1B68       0
                text13                              B60      B60       D5     16C0       0
                text12                             1678     1678       3D     2CF0       0
                text11                              C35      C35      17F     186A       0
                text10                             14B8     14B8        9     2970       0
                text9                              14D7     14D7        D     29AE       0
                text8                              179F     179F       61     2F3E       0
                text7                              14E4     14E4        E     29C8       0
                text6                               8A9      8A9       6D     1152       0
                text5                              1589     1589       24     2B12       0
                text4                               916      916       72     122C       0
                text3                              1513     1513       16     2A26       0
                text2                              15D2     15D2       34     2BA4       0
                text1                              14F2     14F2        F     29E4       0
                maintext                           163F     163F       39     2C7E       0
                cstackBANK0                          20       20       50       20       1
                cstackCOMMON                         70       70        E       70       1
                cstackBANK1                          A0       A0       25       A0       1
                clrtext                            14B0     14B0        8     2960       0
                bssBANK1                             C5       C5       11       A0       1
                strings                            1000     1000       58     2000       0

TOTAL           Name                               Link     Load   Length     Space
        CLASS   STACK          

        CLASS   CODE           
                end_init                              0        0        3         0
                cinit                               7F3      7F3        D         0
                text34                             1543     1543       22         0
                text33                             1529     1529       1A         0
                text32                             16F7     16F7       52         0
                text31                             1606     1606       39         0
                text30                             16B5     16B5       42         0
                text29                             14C1     14C1        B         0
                text28                              801      801       42         0
                text27                               2D       2D      1DD         0
                text26                              A04      A04       A2         0
                text25                                6        6       27         0
                text24                              492      492      361         0
                text23                             14CC     14CC        B         0
                text22                              20A      20A      288         0
                text21                             1565     1565       24         0
                text20                              988      988       7C         0
                text19                              AA6      AA6       BA         0
                text18                              843      843       66         0
                text17                             1749     1749       56         0
                text16                             15AD     15AD       25         0
                text15                             1501     1501       12         0
                text14                              DB4      DB4      24C         0
                text13                              B60      B60       D5         0
                text12                             1678     1678       3D         0
                text11                              C35      C35      17F         0
                text10                             14B8     14B8        9         0
                text9                              14D7     14D7        D         0
                text8                              179F     179F       61         0
                text7                              14E4     14E4        E         0
                text6                               8A9      8A9       6D         0
                text5                              1589     1589       24         0
                text4                               916      916       72         0
                text3                              1513     1513       16         0
                text2                              15D2     15D2       34         0
                text1                              14F2     14F2        F         0
                maintext                           163F     163F       39         0
                clrtext                            14B0     14B0        8         0

        CLASS   STRCODE        

        CLASS   STRING         
                strings                            1000     1000       58         0

        CLASS   CONST          

        CLASS   ENTRY          

        CLASS   COMMON         
                cstackCOMMON                         70       70        E         1

        CLASS   BANK0          
                cstackBANK0                          20       20       50         1

        CLASS   BANK1          
                cstackBANK1                          A0       A0       25         1
                bssBANK1                             C5       C5       11         1

        CLASS   BANK2          

        CLASS   BANK3          

        CLASS   RAM            

        CLASS   ABS1           
                abs_s1                               7E       7E        2         1

        CLASS   SFR0           

        CLASS   SFR1           

        CLASS   SFR2           

        CLASS   SFR3           

        CLASS   CONFIG         
                config                             2007     2007        1         4

        CLASS   IDLOC          

        CLASS   EEDATA         



SEGMENTS        Name                           Load    Length   Top    Selector   Space  Class     Delta

                reset_vec                      000000  000003  000003         0       0  CODE        2
                text25                         000006  000027  00002D         C       0  CODE        2
                cstackBANK0                    000020  000050  000070        20       1  BANK0       1
                text27                         00002D  0001DD  00020A        5A       0  CODE        2
                cstackCOMMON                   000070  00000E  00007E        70       1  COMMON      1
                cstackBANK1                    0000A0  000036  0000D6        A0       1  BANK1       1
                text22                         00020A  000288  000492       414       0  CODE        2
                text24                         000492  000361  0007F3       924       0  CODE        2
                cinit                          0007F3  00000D  000800       FE6       0  CODE        2
                text28                         000801  000042  000843      1002       0  CODE        2
                text18                         000843  000066  0008A9      1086       0  CODE        2
                text6                          0008A9  00006D  000916      1152       0  CODE        2
                text4                          000916  000072  000988      122C       0  CODE        2
                text20                         000988  00007C  000A04      1310       0  CODE        2
                text26                         000A04  0000A2  000AA6      1408       0  CODE        2
                text19                         000AA6  0000BA  000B60      154C       0  CODE        2
                text13                         000B60  0000D5  000C35      16C0       0  CODE        2
                text11                         000C35  00017F  000DB4      186A       0  CODE        2
                text14                         000DB4  00024C  001000      1B68       0  CODE        2
                strings                        001000  000058  001058      2000       0  STRING      2
                clrtext                        0014B0  000008  0014B8      2960       0  CODE        2
                text10                         0014B8  000009  0014C1      2970       0  CODE        2
                text29                         0014C1  00000B  0014CC      2982       0  CODE        2
                text23                         0014CC  00000B  0014D7      2998       0  CODE        2
                text9                          0014D7  00000D  0014E4      29AE       0  CODE        2
                text7                          0014E4  00000E  0014F2      29C8       0  CODE        2
                text1                          0014F2  00000F  001501      29E4       0  CODE        2
                text15                         001501  000012  001513      2A02       0  CODE        2
                text3                          001513  000016  001529      2A26       0  CODE        2
                text33                         001529  00001A  001543      2A52       0  CODE        2
                text34                         001543  000022  001565      2A86       0  CODE        2
                text21                         001565  000024  001589      2ACA       0  CODE        2
                text5                          001589  000024  0015AD      2B12       0  CODE        2
                text16                         0015AD  000025  0015D2      2B5A       0  CODE        2
                text2                          0015D2  000034  001606      2BA4       0  CODE        2
                text31                         001606  000039  00163F      2C0C       0  CODE        2
                maintext                       00163F  000039  001678      2C7E       0  CODE        2
                text12                         001678  00003D  0016B5      2CF0       0  CODE        2
                text30                         0016B5  000042  0016F7      2D6A       0  CODE        2
                text32                         0016F7  000052  001749      2DEE       0  CODE        2
                text17                         001749  000056  00179F      2E92       0  CODE        2
                text8                          00179F  000061  001800      2F3E       0  CODE        2


UNUSED ADDRESS RANGES

        Name                Unused          Largest block    Delta
        BANK1            00D6-00EF             1A           1
        BANK2            0110-016F             60           1
        BANK3            0190-01EF             60           1
        CODE             0003-0005              3           2
                         0800-0800              1
                         1058-14AF            458
                         1800-1FFF            800
        CONST            0003-0005              3           2
                         0800-0800              1
                         1058-14AF            100
                         1800-1FFF            100
        EEDATA           2100-21FF            100           2
        ENTRY            0003-0005              3           2
                         0800-0800              1
                         1058-14AF            100
                         1800-1FFF            100
        IDLOC            2000-2003              4           2
        RAM              00D6-00EF             1A           1
                         0110-016F             60
                         0190-01EF             60
        SFR0             0000-001F             20           1
        SFR1             0080-009F             20           1
        SFR2             0100-010F             10           1
        SFR3             0180-018F             10           1
        STACK            0110-016F             60           1
        STRCODE          0003-0005              3           2
                         0800-0800              1
                         1058-14AF            458
                         1800-1FFF            800
        STRING           0003-0005              3           2
                         0800-0800              1
                         1058-14AF            100
                         1800-1FFF            100

                                  Symbol Table

?_ADC_Read                        cstackCOMMON 0070
?_Leitura_Vin                     cstackBANK0  0063
?_Leitura_Vout                    cstackCOMMON 0075
?_PWM_Duty                        cstackBANK0  005F
?__Umul8_16                       cstackCOMMON 0070
?___fladd                         cstackBANK0  003A
?___fldiv                         cstackBANK0  0020
?___flmul                         cstackBANK0  003A
?___flneg                         cstackCOMMON 0070
?___flsub                         cstackBANK0  004E
?___fltol                         cstackBANK0  0054
?___lldiv                         cstackCOMMON 0070
?___llmod                         cstackBANK0  0020
?___wmul                          cstackCOMMON 0070
?___xxtofl                        cstackCOMMON 0070
?_sprintf                         cstackBANK0  002A
ADC_Read@ch                       cstackCOMMON 0074
Disp_Info@leituraVin              cstackBANK1  00B8
Disp_Info@leituraVout             cstackBANK1  00BC
Disp_Info@tensaoEntradaConvertido cstackBANK1  00C0
Disp_Info@tensaoEntradaNovo       cstackBANK1  00A4
Disp_Info@tensaoSaidaConvertido   cstackBANK1  00C1
Disp_Info@tensaoSaidaNovo         cstackBANK1  00AE
Disp_Info@vin                     cstackBANK1  00A0
Disp_Info@vout                    cstackBANK1  00A2
Lcd_Cmd@a                         cstackCOMMON 0073
Lcd_Port@a                        cstackCOMMON 0070
Lcd_Set_Cursor@a                  cstackCOMMON 0077
Lcd_Set_Cursor@b                  cstackCOMMON 0074
Lcd_Set_Cursor@temp               cstackCOMMON 007A
Lcd_Set_Cursor@y                  cstackCOMMON 0079
Lcd_Set_Cursor@z                  cstackCOMMON 0078
Lcd_Write_Char@a                  cstackCOMMON 0074
Lcd_Write_Char@temp               cstackCOMMON 0072
Lcd_Write_Char@y                  cstackCOMMON 0073
Lcd_Write_String@a                cstackCOMMON 0075
Lcd_Write_String@i                cstackCOMMON 007A
Leitura_Vin@leTensaoSaida         cstackBANK0  0065
Leitura_Vout@leTensaoEntrada      cstackCOMMON 0077
PWM_Duty@duty                     cstackBANK0  005F
UART_Initialize@baud              cstackBANK0  005F
UART_Write@data                   cstackCOMMON 0070
UART_Write_String@data            cstackCOMMON 0071
UART_Write_String@i               cstackCOMMON 0076
_ADCON0                           (abs)        001F
_ADCON1                           (abs)        009F
_ADC_Initialize                   text10       14B8
_ADC_Read                         text2        15D2
_ADRESH                           (abs)        001E
_ADRESL                           (abs)        009E
_CCP1CON                          (abs)        0017
_CCP1X                            (abs)        00BD
_CCP1Y                            (abs)        00BC
_CCPR1L                           (abs)        0015
_CMCON                            (abs)        009C
_CREN                             (abs)        00C4
_Disp_Info                        text11       0C35
_GO_nDONE                         (abs)        00FA
_Inicia_Config                    text5        1589
_Lcd_Clear                        text9        14D7
_Lcd_Cmd                          text33       1529
_Lcd_Initialize                   text8        179F
_Lcd_Port                         text34       1543
_Lcd_Set_Cursor                   text32       16F7
_Lcd_Write_Char                   text31       1606
_Lcd_Write_String                 text30       16B5
_Leitura_Vin                      text3        1513
_Leitura_Vout                     text1        14F2
_OERR                             (abs)        00C1
_PR2                              (abs)        0092
_PWM_Duty                         text4        0916
_PWM_Initialize                   text7        14E4
_RCIF                             (abs)        0065
_RCREG                            (abs)        001A
_RCSTA                            (abs)        0018
_RD2                              (abs)        0042
_RD3                              (abs)        0043
_RD4                              (abs)        0044
_RD5                              (abs)        0045
_RD6                              (abs)        0046
_RD7                              (abs)        0047
_SPBRG                            (abs)        0099
_T2CON                            (abs)        0012
_TRISC2                           (abs)        043A
_TRISC6                           (abs)        043E
_TRISC7                           (abs)        043F
_TRISD                            (abs)        0088
_TRMT                             (abs)        04C1
_TXIF                             (abs)        0064
_TXREG                            (abs)        0019
_TXSTA                            (abs)        0098
_UART_Initialize                  text6        08A9
_UART_Write                       text29       14C1
_UART_Write_String                text28       0801
__Habs1                           abs1         0000
__Hbank0                          bank0        0000
__Hbank1                          bank1        0000
__Hbank2                          bank2        0000
__Hbank3                          bank3        0000
__HbssBANK1                       bssBANK1     0000
__Hcinit                          cinit        0800
__Hclrtext                        clrtext      0000
__Hcode                           code         0000
__Hcommon                         common       0000
__Hconfig                         config       2008
__HcstackBANK0                    cstackBANK0  0000
__HcstackBANK1                    cstackBANK1  0000
__HcstackCOMMON                   cstackCOMMON 0000
__Heeprom_data                    eeprom_data  0000
__Hend_init                       end_init     0003
__Hfunctab                        functab      0000
__Hinit                           init         0000
__Hintentry                       intentry     0000
__Hmaintext                       maintext     0000
__Hpowerup                        powerup      0000
__Hram                            ram          0000
__Hreset_vec                      reset_vec    0000
__Hsfr0                           sfr0         0000
__Hsfr1                           sfr1         0000
__Hsfr2                           sfr2         0000
__Hsfr3                           sfr3         0000
__Hspace_0                        (abs)        1800
__Hspace_1                        (abs)        00D6
__Hspace_2                        (abs)        0000
__Hspace_3                        (abs)        0000
__Hspace_4                        (abs)        400F
__Hstack                          stack        0000
__Hstrings                        strings      0000
__Htext                           text         0000
__Labs1                           abs1         0000
__Lbank0                          bank0        0000
__Lbank1                          bank1        0000
__Lbank2                          bank2        0000
__Lbank3                          bank3        0000
__LbssBANK1                       bssBANK1     0000
__Lcinit                          cinit        07F3
__Lclrtext                        clrtext      0000
__Lcode                           code         0000
__Lcommon                         common       0000
__Lconfig                         config       0000
__LcstackBANK0                    cstackBANK0  0000
__LcstackBANK1                    cstackBANK1  0000
__LcstackCOMMON                   cstackCOMMON 0000
__Leeprom_data                    eeprom_data  0000
__Lend_init                       end_init     0000
__Lfunctab                        functab      0000
__Linit                           init         0000
__Lintentry                       intentry     0000
__Lmaintext                       maintext     0000
__Lpowerup                        powerup      0000
__Lram                            ram          0000
__Lreset_vec                      reset_vec    0000
__Lsfr0                           sfr0         0000
__Lsfr1                           sfr1         0000
__Lsfr2                           sfr2         0000
__Lsfr3                           sfr3         0000
__Lspace_0                        (abs)        0000
__Lspace_1                        (abs)        0000
__Lspace_2                        (abs)        0000
__Lspace_3                        (abs)        0000
__Lspace_4                        (abs)        0000
__Lstack                          stack        0000
__Lstrings                        strings      0000
__Ltext                           text         0000
__S0                              (abs)        1800
__S1                              (abs)        00D6
__S2                              (abs)        0000
__S3                              (abs)        0000
__Umul8_16                        text25       0006
__Umul8_16@multiplicand           cstackCOMMON 0070
__Umul8_16@multiplier             cstackCOMMON 0078
__Umul8_16@product                cstackCOMMON 0074
__Umul8_16@word_mpld              cstackCOMMON 0076
___fladd                          text22       020A
___fladd@a                        cstackBANK0  003E
___fladd@aexp                     cstackBANK0  004B
___fladd@b                        cstackBANK0  003A
___fladd@bexp                     cstackBANK0  004C
___fladd@grs                      cstackBANK0  004D
___fladd@signs                    cstackBANK0  004A
___fldiv                          text27       002D
___fldiv@a                        cstackBANK0  0020
___fldiv@aexp                     cstackBANK0  0039
___fldiv@b                        cstackBANK0  0024
___fldiv@bexp                     cstackBANK0  0038
___fldiv@grs                      cstackBANK0  0034
___fldiv@new_exp                  cstackBANK0  0032
___fldiv@rem                      cstackBANK0  002D
___fldiv@sign                     cstackBANK0  0031
___flge                           text26       0A04
___flge@ff1                       cstackCOMMON 0070
___flge@ff2                       cstackCOMMON 0074
___flmul                          text24       0492
___flmul@a                        cstackBANK0  003E
___flmul@aexp                     cstackBANK0  004C
___flmul@b                        cstackBANK0  003A
___flmul@bexp                     cstackBANK0  004D
___flmul@grs                      cstackBANK0  0048
___flmul@prod                     cstackBANK0  004E
___flmul@sign                     cstackBANK0  0047
___flmul@temp                     cstackBANK0  0052
___flneg                          text23       14CC
___flneg@f1                       cstackCOMMON 0070
___flsub                          text21       1565
___flsub@a                        cstackBANK0  004E
___flsub@b                        cstackBANK0  0052
___fltol                          text20       0988
___fltol@exp1                     cstackBANK0  005E
___fltol@f1                       cstackBANK0  0054
___fltol@sign1                    cstackBANK0  005D
___int_sp                         stack        0000
___latbits                        (abs)        0002
___lldiv                          text18       0843
___lldiv@counter                  cstackCOMMON 007D
___lldiv@dividend                 cstackCOMMON 0074
___lldiv@divisor                  cstackCOMMON 0070
___lldiv@quotient                 cstackCOMMON 0079
___llmod                          text17       1749
___llmod@counter                  cstackBANK0  0029
___llmod@dividend                 cstackBANK0  0024
___llmod@divisor                  cstackBANK0  0020
___sp                             stack        0000
___stackhi                        (abs)        0000
___stacklo                        (abs)        0000
___wmul                           text16       15AD
___wmul@multiplicand              cstackCOMMON 0072
___wmul@multiplier                cstackCOMMON 0070
___wmul@product                   cstackCOMMON 0074
___xxtofl                         text19       0AA6
___xxtofl@arg                     cstackCOMMON 007A
___xxtofl@exp                     cstackCOMMON 0079
___xxtofl@sign                    cstackCOMMON 0078
___xxtofl@val                     cstackCOMMON 0070
__end_of_ADC_Initialize           text10       14C1
__end_of_ADC_Read                 text2        1606
__end_of_Disp_Info                text11       0DB4
__end_of_Inicia_Config            text5        15AD
__end_of_Lcd_Clear                text9        14E4
__end_of_Lcd_Cmd                  text33       1543
__end_of_Lcd_Initialize           text8        1800
__end_of_Lcd_Port                 text34       1565
__end_of_Lcd_Set_Cursor           text32       1749
__end_of_Lcd_Write_Char           text31       163F
__end_of_Lcd_Write_String         text30       16F7
__end_of_Leitura_Vin              text3        1529
__end_of_Leitura_Vout             text1        1501
__end_of_PWM_Duty                 text4        0988
__end_of_PWM_Initialize           text7        14F2
__end_of_UART_Initialize          text6        0916
__end_of_UART_Write               text29       14CC
__end_of_UART_Write_String        text28       0843
__end_of__Umul8_16                text25       002D
__end_of___fladd                  text22       0492
__end_of___fldiv                  text27       020A
__end_of___flge                   text26       0AA6
__end_of___flmul                  text24       07F3
__end_of___flneg                  text23       14D7
__end_of___flsub                  text21       1589
__end_of___fltol                  text20       0A04
__end_of___lldiv                  text18       08A9
__end_of___llmod                  text17       179F
__end_of___wmul                   text16       15D2
__end_of___xxtofl                 text19       0B60
__end_of__initialization          cinit        07FC
__end_of__stringtab               strings      1010
__end_of_dpowers                  strings      1038
__end_of_ftoa                     text13       0C35
__end_of_isdigit                  text15       1513
__end_of_main                     maintext     1678
__end_of_sprintf                  text14       1000
__end_of_strncpy                  text12       16B5
__initialization                  cinit        07F3
__pbssBANK1                       bssBANK1     00C5
__pcstackBANK0                    cstackBANK0  0020
__pcstackBANK1                    cstackBANK1  00A0
__pcstackCOMMON                   cstackCOMMON 0070
__pmaintext                       maintext     163F
__pstrings                        strings      1000
__ptext1                          text1        14F2
__ptext10                         text10       14B8
__ptext11                         text11       0C35
__ptext12                         text12       1678
__ptext13                         text13       0B60
__ptext14                         text14       0DB4
__ptext15                         text15       1501
__ptext16                         text16       15AD
__ptext17                         text17       1749
__ptext18                         text18       0843
__ptext19                         text19       0AA6
__ptext2                          text2        15D2
__ptext20                         text20       0988
__ptext21                         text21       1565
__ptext22                         text22       020A
__ptext23                         text23       14CC
__ptext24                         text24       0492
__ptext25                         text25       0006
__ptext26                         text26       0A04
__ptext27                         text27       002D
__ptext28                         text28       0801
__ptext29                         text29       14C1
__ptext3                          text3        1513
__ptext30                         text30       16B5
__ptext31                         text31       1606
__ptext32                         text32       16F7
__ptext33                         text33       1529
__ptext34                         text34       1543
__ptext4                          text4        0916
__ptext5                          text5        1589
__ptext6                          text6        08A9
__ptext7                          text7        14E4
__ptext8                          text8        179F
__ptext9                          text9        14D7
__size_of_ADC_Initialize          (abs)        0000
__size_of_ADC_Read                (abs)        0000
__size_of_Disp_Info               (abs)        0000
__size_of_Inicia_Config           (abs)        0000
__size_of_Lcd_Clear               (abs)        0000
__size_of_Lcd_Cmd                 (abs)        0000
__size_of_Lcd_Initialize          (abs)        0000
__size_of_Lcd_Port                (abs)        0000
__size_of_Lcd_Set_Cursor          (abs)        0000
__size_of_Lcd_Write_Char          (abs)        0000
__size_of_Lcd_Write_String        (abs)        0000
__size_of_Leitura_Vin             (abs)        0000
__size_of_Leitura_Vout            (abs)        0000
__size_of_PWM_Duty                (abs)        0000
__size_of_PWM_Initialize          (abs)        0000
__size_of_UART_Initialize         (abs)        0000
__size_of_UART_Write              (abs)        0000
__size_of_UART_Write_String       (abs)        0000
__size_of__Umul8_16               (abs)        0000
__size_of___fladd                 (abs)        0000
__size_of___fldiv                 (abs)        0000
__size_of___flge                  (abs)        0000
__size_of___flmul                 (abs)        0000
__size_of___flneg                 (abs)        0000
__size_of___flsub                 (abs)        0000
__size_of___fltol                 (abs)        0000
__size_of___lldiv                 (abs)        0000
__size_of___llmod                 (abs)        0000
__size_of___wmul                  (abs)        0000
__size_of___xxtofl                (abs)        0000
__size_of_ftoa                    (abs)        0000
__size_of_isdigit                 (abs)        0000
__size_of_main                    (abs)        0000
__size_of_sprintf                 (abs)        0000
__size_of_strncpy                 (abs)        0000
__stringbase                      strings      100F
__stringtab                       strings      1000
_dpowers                          strings      1010
_ftoa                             text13       0B60
_isdigit                          text15       1501
_isdigit$704                      cstackCOMMON 0070
_main                             maintext     163F
_sprintf                          text14       0DB4
_strncpy                          text12       1678
btemp                             (abs)        007E
clear_ram0                        clrtext      14B0
end_of_initialization             cinit        07FC
ftoa@buf                          bssBANK1     00C5
ftoa@cp                           cstackBANK0  006D
ftoa@f                            cstackBANK0  005F
ftoa@l                            cstackBANK0  0069
ftoa@rem                          cstackBANK0  0065
ftoa@status                       cstackBANK0  0063
intlevel0                         functab      0000
intlevel1                         functab      0000
intlevel2                         functab      0000
intlevel3                         functab      0000
intlevel4                         functab      0000
intlevel5                         functab      0000
isdigit@c                         cstackCOMMON 0071
reset_vec                         reset_vec    0000
sprintf@ap                        cstackBANK0  0039
sprintf@c                         cstackBANK0  0043
sprintf@f                         cstackBANK0  002A
sprintf@flag                      cstackBANK0  0038
sprintf@prec                      cstackBANK0  0041
sprintf@sp                        cstackBANK0  003E
sprintf@val                       cstackBANK0  003A
sprintf@width                     cstackBANK0  003F
start                             init         0000
start_initialization              cinit        07F3
strncpy@cp                        cstackCOMMON 0075
strncpy@from                      cstackCOMMON 0070
strncpy@size                      cstackCOMMON 0071
strncpy@to                        cstackCOMMON 0074
wtemp0                            (abs)        007E


MODULE INFORMATION

Module		Function		Class		Link	Load	Size
C:\Program Files\Microchip\xc8\v2.32\pic\sources\c90\common\isdigit.c
		_isdigit       		CODE           	1501	0000	18

C:\Program Files\Microchip\xc8\v2.32\pic\sources\c90\common\isdigit.c estimated size: 18

C:\Program Files\Microchip\xc8\v2.32\pic\sources\c90\common\sprcadd.c
		___flsub       		CODE           	1565	0000	36
		___fladd       		CODE           	020A	0000	648

C:\Program Files\Microchip\xc8\v2.32\pic\sources\c90\common\sprcadd.c estimated size: 684

C:\Program Files\Microchip\xc8\v2.32\pic\sources\c90\common\flge.c
		___flge        		CODE           	0A04	0000	162

C:\Program Files\Microchip\xc8\v2.32\pic\sources\c90\common\flge.c estimated size: 162

uart.c
		_UART_Write_String		CODE           	0801	0000	66
		_UART_Initialize		CODE           	08A9	0000	109
		_UART_Write    		CODE           	14C1	0000	11

uart.c estimated size: 186

C:\Program Files\Microchip\xc8\v2.32\pic\sources\c90\common\ftoa.c
		_ftoa          		CODE           	0B60	0000	213

C:\Program Files\Microchip\xc8\v2.32\pic\sources\c90\common\ftoa.c estimated size: 213

C:\Program Files\Microchip\xc8\v2.32\pic\sources\c90\common\flneg.c
		___flneg       		CODE           	14CC	0000	11

C:\Program Files\Microchip\xc8\v2.32\pic\sources\c90\common\flneg.c estimated size: 11

C:\Program Files\Microchip\xc8\v2.32\pic\sources\c90\common\xxtofl.c
		___xxtofl      		CODE           	0AA6	0000	186

C:\Program Files\Microchip\xc8\v2.32\pic\sources\c90\common\xxtofl.c estimated size: 186

C:\Program Files\Microchip\xc8\v2.32\pic\sources\c90\common\Umul8_16.c
		__Umul8_16     		CODE           	0006	0000	39

C:\Program Files\Microchip\xc8\v2.32\pic\sources\c90\common\Umul8_16.c estimated size: 39

pwm.c
		_PWM_Duty      		CODE           	0916	0000	114
		_PWM_Initialize		CODE           	14E4	0000	14

pwm.c estimated size: 128

adc.c
		_ADC_Initialize		CODE           	14B8	0000	9
		_ADC_Read      		CODE           	15D2	0000	52

adc.c estimated size: 61

C:\Program Files\Microchip\xc8\v2.32\pic\sources\c90\common\llmod.c
		___llmod       		CODE           	1749	0000	86

C:\Program Files\Microchip\xc8\v2.32\pic\sources\c90\common\llmod.c estimated size: 86

shared
		__stringtab    		STRING         	1000	0000	16
		_dpowers       		STRING         	1010	0000	40
		__initialization		CODE           	07F3	0000	9

shared estimated size: 65

C:\Program Files\Microchip\xc8\v2.32\pic\sources\c90\common\sprcmul.c
		___flmul       		CODE           	0492	0000	865

C:\Program Files\Microchip\xc8\v2.32\pic\sources\c90\common\sprcmul.c estimated size: 865

C:\Program Files\Microchip\xc8\v2.32\pic\sources\c90\common\sprcdiv.c
		___fldiv       		CODE           	002D	0000	477

C:\Program Files\Microchip\xc8\v2.32\pic\sources\c90\common\sprcdiv.c estimated size: 477

lcd.c
		_Lcd_Write_String		CODE           	16B5	0000	66
		_Lcd_Write_Char		CODE           	1606	0000	57
		_Lcd_Cmd       		CODE           	1529	0000	26
		_Lcd_Initialize		CODE           	179F	0000	97
		_Lcd_Set_Cursor		CODE           	16F7	0000	82
		_Lcd_Clear     		CODE           	14D7	0000	13
		_Lcd_Port      		CODE           	1543	0000	34

lcd.c estimated size: 375

C:\Program Files\Microchip\xc8\v2.32\pic\sources\c90\common\doprnt.c
		_sprintf       		CODE           	0DB4	0000	588

C:\Program Files\Microchip\xc8\v2.32\pic\sources\c90\common\doprnt.c estimated size: 588

C:\Program Files\Microchip\xc8\v2.32\pic\sources\c90\common\Umul16.c
		___wmul        		CODE           	15AD	0000	37

C:\Program Files\Microchip\xc8\v2.32\pic\sources\c90\common\Umul16.c estimated size: 37

main.c
		_Inicia_Config 		CODE           	1589	0000	36
		_main          		CODE           	163F	0000	57
		_Leitura_Vin   		CODE           	1513	0000	22
		_Leitura_Vout  		CODE           	14F2	0000	15
		_Disp_Info     		CODE           	0C35	0000	383

main.c estimated size: 513

C:\Program Files\Microchip\xc8\v2.32\pic\sources\c90\common\fltol.c
		___fltol       		CODE           	0988	0000	124

C:\Program Files\Microchip\xc8\v2.32\pic\sources\c90\common\fltol.c estimated size: 124

C:\Program Files\Microchip\xc8\v2.32\pic\sources\c90\common\strncpy.c
		_strncpy       		CODE           	1678	0000	61

C:\Program Files\Microchip\xc8\v2.32\pic\sources\c90\common\strncpy.c estimated size: 61

C:\Program Files\Microchip\xc8\v2.32\pic\sources\c90\common\__lldiv.c
		___lldiv       		CODE           	0843	0000	102

C:\Program Files\Microchip\xc8\v2.32\pic\sources\c90\common\__lldiv.c estimated size: 102

