Microchip MPLAB XC8 Compiler V2.40

Linker command line:

-W-3 \
  --edf=C:\Program Files\Microchip\xc8\v2.40\pic\dat\20220703182018_en.msgs \
  -cn -h+dist/default/production\Atividade_A4.X.production.sym \
  --cmf=dist/default/production\Atividade_A4.X.production.cmf -z -Q18F4520 \
  -oC:\Users\yhan\AppData\Local\Temp\xcAs33k.5 --defsym=__MPLAB_BUILD=1 \
  --fixupoverflow=error \
  -Mdist/default/production/Atividade_A4.X.production.map \
  --md=C:\Users\yhan\AppData\Local\Temp\xcBs33k.dat -E1 -ver=XC8 Compiler \
  --acfsm=1493 -ACODE=00h-07FFFh -ACONST=00h-07FFFh \
  -ASMALLCONST=0600h-06FFhx122 -AMEDIUMCONST=0600h-07FFFh -ACOMRAM=01h-07Fh \
  -AABS1=00h-05FFh -ABIGRAM=01h-05FFh -ARAM=080h-0FFh,0100h-01FFhx5 \
  -ABANK0=080h-0FFh -ABANK1=0100h-01FFh -ABANK2=0200h-02FFh \
  -ABANK3=0300h-03FFh -ABANK4=0400h-04FFh -ABANK5=0500h-05FFh \
  -ASFR=0F80h-0FFFh -ABIGSFR=0F80h-0FFFh -ACONFIG=0300000h-030000Dh \
  -AIDLOC=0200000h-0200007h -AEEDATA=0F00000h-0F000FFh -peeprom_data=EEDATA \
  -preset_vec=00h,intcode=08h,intcodelo,powerup,init -pramtop=0600h \
  -psmallconst=SMALLCONST -pmediumconst=MEDIUMCONST -pconst=CONST \
  -AFARRAM=00h-00h \
  -prdata=COMRAM,nvrram=COMRAM,nvbit=COMRAM,rbss=COMRAM,rbit=COMRAM \
  -pfarbss=FARRAM,fardata=FARRAM,nvFARRAM=FARRAM \
  -pintsave_regs=BIGRAM,bigbss=BIGRAM,bigdata=BIGRAM -pbss=RAM \
  -pidata=CODE,irdata=CODE,ibigdata=CODE,ifardata=CODE -prparam=COMRAM \
  C:\Users\yhan\AppData\Local\Temp\xcAs33k.o \
  dist/default/production\Atividade_A4.X.production.o 

Object code version is 3.11

Machine type is 18F4520



                Name                               Link     Load   Length Selector   Space Scale
C:\Users\yhan\AppData\Local\Temp\xcAs33k.o
                idloc                            200000   200000        8        0       5
                config                           300000   300000        E        0       4
                init                                  E        E        4        4       0
                reset_vec                             0        0        4        0       0
dist/default/production\Atividade_A4.X.production.o
                intcode                               8        8        6        4       0
                idloc                            200000   200000        8        0       5
                config                           300000   300000        E        0       4
                temp                                 7E       7E        1        1       1
                smallconst                          600      600       64      300       0
                intcode_body                       386E     386E       56      332       0
                text54                             3812     3812       5C      332       0
                text53                             3A9A     3A9A       38      332       0
                text52                             3184     3184       86      332       0
                text51                             3B7E     3B7E       20      332       0
                text50                             35BA     35BA       66      332       0
                text49                             2442     2442      176      332       0
                text48                             3B34     3B34       26      332       0
                text47                             3B08     3B08       2C      332       0
                text46                             395A     395A       46      332       0
                text45                             270C     270C      14A      332       0
                text44                             195C     195C      39A      332       0
                text43                             2FB6     2FB6       AA      332       0
                text42                             2A66     2A66      104      332       0
                text41                             1532     1532      42A      332       0
                text40                             3A62     3A62       38      332       0
                text39                             1072     1072      4C0      332       0
                text38                             3914     3914       46      332       0
                text37                             2960     2960      106      332       0
                text36                             2C68     2C68       FE      332       0
                text35                             207C     207C      212      332       0
                text34                             3554     3554       66      332       0
                text33                             38C4     38C4       50      332       0
                text32                             3BFA     3BFA        2      332       0
                text31                             2D66     2D66       CA      332       0
                text30                             39A0     39A0       44      332       0
                text29                             3AD2     3AD2       36      332       0
                text28                             30F2     30F2       92      332       0
                text27                             39E4     39E4       40      332       0
                text26                              664      664      A0E      332       0
                text25                             1CF6     1CF6      386      332       0
                text24                             37B0     37B0       62      332       0
                text23                             2856     2856      10A      332       0
                text22                             2EF4     2EF4       C2      332       0
                text21                             2E30     2E30       C4      332       0
                text20                             374C     374C       64      332       0
                text19                             3B9E     3B9E       18      332       0
                text18                             228E     228E      1B4      332       0
                text17                             3478     3478       72      332       0
                text16                             3406     3406       72      332       0
                text15                             36E8     36E8       64      332       0
                text14                             2B6A     2B6A       FE      332       0
                text13                             3A24     3A24       3E      332       0
                text12                             3BCA     3BCA       12      332       0
                text11                             3684     3684       64      332       0
                text10                             25B8     25B8      154      332       0
                text9                              3BB6     3BB6       14      332       0
                text8                              3BEC     3BEC        E      332       0
                text7                              338C     338C       7A      332       0
                text6                              3060     3060       92      332       0
                text5                              3620     3620       64      332       0
                text4                              328C     328C       82      332       0
                text3                              330E     330E       7E      332       0
                text2                              320A     320A       82      332       0
                text1                              34EA     34EA       6A      332       0
                text0                              3BDC     3BDC       10      332       0
                cstackCOMRAM                          1        1       7C        1       1
                cstackBANK0                          80       80       7D       80       1
                bssBANK1                            100      100       60      100       1
                bssBANK0                             FD       FD        3       80       1
                bssCOMRAM                            7D       7D        1        1       1
                cinit                              3B5A     3B5A       24      332       0

TOTAL           Name                               Link     Load   Length     Space
        CLASS   CODE           
                intcode                               8        8        6         0
                init                                  E        E        4         0
                reset_vec                             0        0        4         0
                intcode_body                       386E     386E       56         0
                text54                             3812     3812       5C         0
                text53                             3A9A     3A9A       38         0
                text52                             3184     3184       86         0
                text51                             3B7E     3B7E       20         0
                text50                             35BA     35BA       66         0
                text49                             2442     2442      176         0
                text48                             3B34     3B34       26         0
                text47                             3B08     3B08       2C         0
                text46                             395A     395A       46         0
                text45                             270C     270C      14A         0
                text44                             195C     195C      39A         0
                text43                             2FB6     2FB6       AA         0
                text42                             2A66     2A66      104         0
                text41                             1532     1532      42A         0
                text40                             3A62     3A62       38         0
                text39                             1072     1072      4C0         0
                text38                             3914     3914       46         0
                text37                             2960     2960      106         0
                text36                             2C68     2C68       FE         0
                text35                             207C     207C      212         0
                text34                             3554     3554       66         0
                text33                             38C4     38C4       50         0
                text32                             3BFA     3BFA        2         0
                text31                             2D66     2D66       CA         0
                text30                             39A0     39A0       44         0
                text29                             3AD2     3AD2       36         0
                text28                             30F2     30F2       92         0
                text27                             39E4     39E4       40         0
                text26                              664      664      A0E         0
                text25                             1CF6     1CF6      386         0
                text24                             37B0     37B0       62         0
                text23                             2856     2856      10A         0
                text22                             2EF4     2EF4       C2         0
                text21                             2E30     2E30       C4         0
                text20                             374C     374C       64         0
                text19                             3B9E     3B9E       18         0
                text18                             228E     228E      1B4         0
                text17                             3478     3478       72         0
                text16                             3406     3406       72         0
                text15                             36E8     36E8       64         0
                text14                             2B6A     2B6A       FE         0
                text13                             3A24     3A24       3E         0
                text12                             3BCA     3BCA       12         0
                text11                             3684     3684       64         0
                text10                             25B8     25B8      154         0
                text9                              3BB6     3BB6       14         0
                text8                              3BEC     3BEC        E         0
                text7                              338C     338C       7A         0
                text6                              3060     3060       92         0
                text5                              3620     3620       64         0
                text4                              328C     328C       82         0
                text3                              330E     330E       7E         0
                text2                              320A     320A       82         0
                text1                              34EA     34EA       6A         0
                text0                              3BDC     3BDC       10         0
                cinit                              3B5A     3B5A       24         0

        CLASS   CONST          

        CLASS   SMALLCONST     
                smallconst                          600      600       64         0

        CLASS   MEDIUMCONST    

        CLASS   COMRAM         
                temp                                 7E       7E        1         1
                cstackCOMRAM                          1        1       7C         1
                bssCOMRAM                            7D       7D        1         1

        CLASS   ABS1           

        CLASS   BIGRAM         

        CLASS   RAM            

        CLASS   BANK0          
                cstackBANK0                          80       80       7D         1
                bssBANK0                             FD       FD        3         1

        CLASS   BANK1          
                bssBANK1                            100      100       60         1

        CLASS   BANK2          

        CLASS   BANK3          

        CLASS   BANK4          

        CLASS   BANK5          

        CLASS   SFR            

        CLASS   BIGSFR         

        CLASS   CONFIG         
                config                           300000   300000        E         4

        CLASS   IDLOC          
                idloc                            200000   200000        8         5

        CLASS   EEDATA         

        CLASS   FARRAM         

        CLASS   HEAP           

        CLASS   STACK          



SEGMENTS        Name                           Load    Length   Top    Selector   Space  Class

                reset_vec                      000000  000004  000004         0       0  CODE    
                cstackCOMRAM                   000001  00007E  00007F         1       1  COMRAM  
                intcode                        000008  00000A  000012         4       0  CODE    
                cstackBANK0                    000080  000080  000100        80       1  BANK0   
                bssBANK1                       000100  000060  000160       100       1  BANK1   
                smallconst                     000600  000064  000664       300       0  SMALLCON
                text26                         000664  003598  003BFC       332       0  CODE    


UNUSED ADDRESS RANGES

        Name                Unused          Largest block    Delta
        BANK1            000160-0001FF               A0
        BANK2            000200-0002FF              100
        BANK3            000300-0003FF              100
        BANK4            000400-0004FF              100
        BANK5            000500-0005FF              100
        BIGRAM           00007F-00007F                1
                         000160-0005FF              4A0
        BIGSFR           000F80-000FFF               80
        CODE             000004-000007                4
                         000012-0005FF              5EE
                         003BFC-007FFF             4404
        COMRAM           00007F-00007F                1
        CONST            000004-000007                4
                         000012-0005FF              5EE
                         003BFC-007FFF             4404
        EEDATA           F00000-F000FF              100
        MEDIUMCONST      003BFC-007FFF             4404
        RAM              000160-0005FF              100
        SFR              000F80-000FFF               80
        SMALLCONST       003BFC-007FFF              100

                                  Symbol Table

?___awdiv                         cstackCOMRAM 000001
?___fladd                         cstackCOMRAM 000001
?___fldiv                         cstackCOMRAM 00000F
?___flmul                         cstackCOMRAM 000028
?___flneg                         cstackCOMRAM 000001
?___flsub                         cstackCOMRAM 000041
?___fltol                         cstackCOMRAM 000041
?___fpclassifyf                   cstackCOMRAM 000001
?___wmul                          cstackCOMRAM 000001
?___xxtofl                        cstackCOMRAM 000001
?_atoi                            cstackCOMRAM 000007
?_efgtoa                          cstackCOMRAM 00004D
?_fGetPercentDuty                 cstackCOMRAM 000041
?_fGetVoltage                     cstackCOMRAM 000041
?_floorf                          cstackCOMRAM 000028
?_iAnalogRead                     cstackCOMRAM 000001
?_iConfigADC                      cstackCOMRAM 000001
?_iConfigPWM                      cstackCOMRAM 000001
?_iPWMSetDuty                     cstackCOMRAM 00004B
?_isdigit                         cstackCOMRAM 000001
?_isspace                         cstackCOMRAM 000001
?_labs                            cstackCOMRAM 000001
?_pad                             cstackCOMRAM 000011
?_snprintf                        cstackBANK0  0000AC
?_strlen                          cstackCOMRAM 000001
?_vfpfcnvrt                       cstackCOMRAM 000056
?_vfprintf                        cstackCOMRAM 00006A
DispSystemParam@fAdcVoltage       cstackBANK0  0000C7
DispSystemParam@fPercentDuty      cstackBANK0  0000CB
DispSystemParam@szAdcVoltageDisp  cstackBANK0  0000CF
DispSystemParam@szPercentDutyDisp cstackBANK0  0000DF
LcdCmd@c                          cstackCOMRAM 000003
LcdOut@c                          cstackCOMRAM 000001
LcdPutChar@c                      cstackCOMRAM 000004
LcdPutChar@temp                   cstackCOMRAM 000002
LcdPutChar@y                      cstackCOMRAM 000003
LcdPutStr@i                       cstackCOMRAM 000009
LcdPutStr@str                     cstackCOMRAM 000005
LcdSetCursor@j                    cstackCOMRAM 000007
LcdSetCursor@k                    cstackCOMRAM 000006
LcdSetCursor@temp                 cstackCOMRAM 000008
LcdSetCursor@x                    cstackCOMRAM 000005
LcdSetCursor@y                    cstackCOMRAM 000004
SystemControl@fPercentDuty        cstackBANK0  0000F3
SystemControl@fVoltage            cstackBANK0  0000EF
SystemControl@iResult             cstackBANK0  0000F9
SystemControl@iValue              cstackBANK0  0000FB
_ADCON0                           (abs)        000FC2
_ADCON1                           (abs)        000FC1
_ADCON2                           (abs)        000FC0
_ADON                             (abs)        007E10
_ADRESH                           (abs)        000FC4
_ADRESL                           (abs)        000FC3
_CCP1CON                          (abs)        000FBD
_CCP2CON                          (abs)        000FBA
_CCPR1L                           (abs)        000FBE
_CCPR2L                           (abs)        000FBB
_ConfigTimerZeroISR               text9        003BB6
_DispSystemParam                  text22       002EF4
_GO_nDONE                         (abs)        007E11
_INTCONbits                       (abs)        000FF2
_LATB                             (abs)        000F8A
_LATC                             (abs)        000F8B
_LcdClear                         text8        003BEC
_LcdCmd                           text51       003B7E
_LcdInit                          text7        00338C
_LcdOut                           text54       003812
_LcdPutChar                       text53       003A9A
_LcdPutStr                        text52       003184
_LcdSetCursor                     text50       0035BA
_MsgInicialLcd                    text6        003060
_PORTC                            (abs)        000F82
_PORTDbits                        (abs)        000F83
_PORTEbits                        (abs)        000F84
_PR2                              (abs)        000FCB
_SystemControl                    text10       0025B8
_SystemControl$198                cstackBANK0  0000F7
_T0CON                            (abs)        000FD5
_T2CON                            (abs)        000FCA
_T2CONbits                        (abs)        000FCA
_TMR0H                            (abs)        000FD7
_TMR0L                            (abs)        000FD6
_TMR2                             (abs)        000FCC
_TRISA                            (abs)        000F92
_TRISB                            (abs)        000F93
_TRISC                            (abs)        000F94
_TRISD                            (abs)        000F95
_TRISE                            (abs)        000F96
__HRAM                            (abs)        000000
__Habs1                           abs1         000000
__Hbank0                          bank0        000000
__Hbank1                          bank1        000000
__Hbank2                          bank2        000000
__Hbank3                          bank3        000000
__Hbank4                          bank4        000000
__Hbank5                          bank5        000000
__Hbigbss                         bigbss       000000
__Hbigdata                        bigdata      000000
__Hbigram                         bigram       000000
__Hbigsfr                         bigsfr       000000
__Hbss                            bss          000000
__HbssBANK0                       bssBANK0     000000
__HbssBANK1                       bssBANK1     000000
__HbssCOMRAM                      bssCOMRAM    000000
__Hcinit                          cinit        000000
__Hclrtext                        clrtext      000000
__Hcomram                         comram       000000
__Hconfig                         config       30000E
__Hconst                          const        000000
__HcstackBANK0                    cstackBANK0  000000
__HcstackCOMRAM                   cstackCOMRAM 000000
__Hdata                           data         000000
__Heeprom_data                    eeprom_data  000000
__Hfarbss                         farbss       000000
__Hfardata                        fardata      000000
__Hheap                           heap         000000
__Hibigdata                       ibigdata     000000
__Hidata                          idata        000000
__Hidloc                          idloc        200008
__Hifardata                       ifardata     000000
__Hinit                           init         000012
__Hintcode                        intcode      00000E
__Hintcode_body                   intcode_body 000000
__Hintcodelo                      intcodelo    00000E
__Hintentry                       intentry     000000
__Hintret                         intret       000000
__Hintsave_regs                   intsave_regs 000000
__Hirdata                         irdata       000000
__Hmediumconst                    mediumconst  000000
__HnvFARRAM                       nvFARRAM     000000
__Hnvbit                          nvbit        000000
__Hnvrram                         nvrram       000000
__Hparam                          rparam       000000
__Hpowerup                        powerup      00000E
__Hram                            ram          000000
__Hramtop                         ramtop       000600
__Hrbit                           rbit         000000
__Hrbss                           rbss         000000
__Hrdata                          rdata        000000
__Hreset_vec                      reset_vec    000004
__Hrparam                         rparam       000000
__Hsfr                            sfr          000000
__Hsmallconst                     smallconst   000664
__Hspace_0                        (abs)        003BFC
__Hspace_1                        (abs)        000160
__Hspace_2                        (abs)        000000
__Hspace_4                        (abs)        60000E
__Hstack                          stack        000000
__Hstruct                         struct       000000
__Htemp                           temp         00007F
__Htext                           text         000000
__Htext0                          text0        000000
__Htext1                          text1        000000
__Htext10                         text10       000000
__Htext11                         text11       000000
__Htext12                         text12       000000
__Htext13                         text13       000000
__Htext14                         text14       000000
__Htext15                         text15       000000
__Htext16                         text16       000000
__Htext17                         text17       000000
__Htext18                         text18       000000
__Htext19                         text19       000000
__Htext2                          text2        000000
__Htext20                         text20       000000
__Htext21                         text21       000000
__Htext22                         text22       000000
__Htext23                         text23       000000
__Htext24                         text24       000000
__Htext25                         text25       000000
__Htext26                         text26       000000
__Htext27                         text27       000000
__Htext28                         text28       000000
__Htext29                         text29       000000
__Htext3                          text3        000000
__Htext30                         text30       000000
__Htext31                         text31       000000
__Htext32                         text32       000000
__Htext33                         text33       000000
__Htext34                         text34       000000
__Htext35                         text35       000000
__Htext36                         text36       000000
__Htext37                         text37       000000
__Htext38                         text38       000000
__Htext39                         text39       000000
__Htext4                          text4        000000
__Htext40                         text40       000000
__Htext41                         text41       000000
__Htext42                         text42       000000
__Htext43                         text43       000000
__Htext44                         text44       000000
__Htext45                         text45       000000
__Htext46                         text46       000000
__Htext47                         text47       000000
__Htext48                         text48       000000
__Htext49                         text49       000000
__Htext5                          text5        000000
__Htext50                         text50       000000
__Htext51                         text51       000000
__Htext52                         text52       000000
__Htext53                         text53       000000
__Htext54                         text54       000000
__Htext6                          text6        000000
__Htext7                          text7        000000
__Htext8                          text8        000000
__Htext9                          text9        000000
__LRAM                            (abs)        000001
__Labs1                           abs1         000000
__Lbank0                          bank0        000000
__Lbank1                          bank1        000000
__Lbank2                          bank2        000000
__Lbank3                          bank3        000000
__Lbank4                          bank4        000000
__Lbank5                          bank5        000000
__Lbigbss                         bigbss       000000
__Lbigdata                        bigdata      000000
__Lbigram                         bigram       000000
__Lbigsfr                         bigsfr       000000
__Lbss                            bss          000000
__LbssBANK0                       bssBANK0     000000
__LbssBANK1                       bssBANK1     000000
__LbssCOMRAM                      bssCOMRAM    000000
__Lcinit                          cinit        000000
__Lclrtext                        clrtext      000000
__Lcomram                         comram       000000
__Lconfig                         config       000000
__Lconst                          const        000000
__LcstackBANK0                    cstackBANK0  000000
__LcstackCOMRAM                   cstackCOMRAM 000000
__Ldata                           data         000000
__Leeprom_data                    eeprom_data  000000
__Lfarbss                         farbss       000000
__Lfardata                        fardata      000000
__Lheap                           heap         000000
__Libigdata                       ibigdata     000000
__Lidata                          idata        000000
__Lidloc                          idloc        000000
__Lifardata                       ifardata     000000
__Linit                           init         00000E
__Lintcode                        intcode      000008
__Lintcode_body                   intcode_body 000000
__Lintcodelo                      intcodelo    00000E
__Lintentry                       intentry     000000
__Lintret                         intret       000000
__Lintsave_regs                   intsave_regs 000000
__Lirdata                         irdata       000000
__Lmediumconst                    mediumconst  000000
__LnvFARRAM                       nvFARRAM     000000
__Lnvbit                          nvbit        000000
__Lnvrram                         nvrram       000000
__Lparam                          rparam       000000
__Lpowerup                        powerup      00000E
__Lram                            ram          000000
__Lramtop                         ramtop       000600
__Lrbit                           rbit         000000
__Lrbss                           rbss         000000
__Lrdata                          rdata        000000
__Lreset_vec                      reset_vec    000000
__Lrparam                         rparam       000000
__Lsfr                            sfr          000000
__Lsmallconst                     smallconst   000600
__Lspace_0                        (abs)        000000
__Lspace_1                        (abs)        000000
__Lspace_2                        (abs)        000000
__Lspace_4                        (abs)        000000
__Lstack                          stack        000000
__Lstruct                         struct       000000
__Ltemp                           temp         00007E
__Ltext                           text         000000
__Ltext0                          text0        000000
__Ltext1                          text1        000000
__Ltext10                         text10       000000
__Ltext11                         text11       000000
__Ltext12                         text12       000000
__Ltext13                         text13       000000
__Ltext14                         text14       000000
__Ltext15                         text15       000000
__Ltext16                         text16       000000
__Ltext17                         text17       000000
__Ltext18                         text18       000000
__Ltext19                         text19       000000
__Ltext2                          text2        000000
__Ltext20                         text20       000000
__Ltext21                         text21       000000
__Ltext22                         text22       000000
__Ltext23                         text23       000000
__Ltext24                         text24       000000
__Ltext25                         text25       000000
__Ltext26                         text26       000000
__Ltext27                         text27       000000
__Ltext28                         text28       000000
__Ltext29                         text29       000000
__Ltext3                          text3        000000
__Ltext30                         text30       000000
__Ltext31                         text31       000000
__Ltext32                         text32       000000
__Ltext33                         text33       000000
__Ltext34                         text34       000000
__Ltext35                         text35       000000
__Ltext36                         text36       000000
__Ltext37                         text37       000000
__Ltext38                         text38       000000
__Ltext39                         text39       000000
__Ltext4                          text4        000000
__Ltext40                         text40       000000
__Ltext41                         text41       000000
__Ltext42                         text42       000000
__Ltext43                         text43       000000
__Ltext44                         text44       000000
__Ltext45                         text45       000000
__Ltext46                         text46       000000
__Ltext47                         text47       000000
__Ltext48                         text48       000000
__Ltext49                         text49       000000
__Ltext5                          text5        000000
__Ltext50                         text50       000000
__Ltext51                         text51       000000
__Ltext52                         text52       000000
__Ltext53                         text53       000000
__Ltext54                         text54       000000
__Ltext6                          text6        000000
__Ltext7                          text7        000000
__Ltext8                          text8        000000
__Ltext9                          text9        000000
__S0                              (abs)        003BFC
__S1                              (abs)        000160
__S4                              (abs)        000000
__S5                              (abs)        000000
___awdiv                          text21       002E30
___awdiv@counter                  cstackCOMRAM 000005
___awdiv@dividend                 cstackCOMRAM 000001
___awdiv@divisor                  cstackCOMRAM 000003
___awdiv@quotient                 cstackCOMRAM 000007
___awdiv@sign                     cstackCOMRAM 000006
___fladd                          text39       001072
___fladd@a                        cstackCOMRAM 000005
___fladd@aexp                     cstackCOMRAM 00000E
___fladd@b                        cstackCOMRAM 000001
___fladd@bexp                     cstackCOMRAM 00000F
___fladd@grs                      cstackCOMRAM 000010
___fladd@signs                    cstackCOMRAM 00000D
___fldiv                          text44       00195C
___fldiv@a                        cstackCOMRAM 000013
___fldiv@aexp                     cstackCOMRAM 000027
___fldiv@b                        cstackCOMRAM 00000F
___fldiv@bexp                     cstackCOMRAM 000026
___fldiv@grs                      cstackCOMRAM 000022
___fldiv@new_exp                  cstackCOMRAM 000020
___fldiv@rem                      cstackCOMRAM 00001B
___fldiv@sign                     cstackCOMRAM 00001F
___fleq                           text43       002FB6
___fleq@ff1                       cstackCOMRAM 000001
___fleq@ff2                       cstackCOMRAM 000005
___flge                           text42       002A66
___flge@ff1                       cstackCOMRAM 000041
___flge@ff2                       cstackCOMRAM 000045
___flmul                          text41       001532
___flmul@a                        cstackCOMRAM 00002C
___flmul@aexp                     cstackCOMRAM 000039
___flmul@b                        cstackCOMRAM 000028
___flmul@bexp                     cstackCOMRAM 00003A
___flmul@grs                      cstackCOMRAM 000035
___flmul@prod                     cstackCOMRAM 00003B
___flmul@sign                     cstackCOMRAM 000034
___flmul@temp                     cstackCOMRAM 00003F
___flneg                          text40       003A62
___flneg@f1                       cstackCOMRAM 000001
___flsub                          text38       003914
___flsub@a                        cstackCOMRAM 000045
___flsub@b                        cstackCOMRAM 000041
___fltol                          text37       002960
___fltol@exp1                     cstackCOMRAM 00004A
___fltol@f1                       cstackCOMRAM 000041
___fltol@sign1                    cstackCOMRAM 000049
___fpclassifyf                    text36       002C68
___fpclassifyf@F465               bssBANK1     000104
___fpclassifyf@e                  cstackCOMRAM 000009
___fpclassifyf@u                  cstackCOMRAM 00000B
___fpclassifyf@x                  cstackCOMRAM 000001
___heap_hi                        (abs)        000000
___heap_lo                        (abs)        000000
___inthi_sp                       stack        000000
___intlo_sp                       stack        000000
___param_bank                     (abs)        000000
___rparam_used                    (abs)        000001
___sp                             stack        000000
___wmul                           text48       003B34
___wmul@multiplicand              cstackCOMRAM 000003
___wmul@multiplier                cstackCOMRAM 000001
___wmul@product                   cstackCOMRAM 000005
___xxtofl                         text18       00228E
___xxtofl@arg                     cstackCOMRAM 00000B
___xxtofl@exp                     cstackCOMRAM 00000A
___xxtofl@sign                    cstackCOMRAM 000009
___xxtofl@val                     cstackCOMRAM 000001
__accesstop                       (abs)        000080
__activetblptr                    (abs)        000002
__end_of_ConfigTimerZeroISR       text9        003BCA
__end_of_DispSystemParam          text22       002FB6
__end_of_LcdClear                 text8        003BFA
__end_of_LcdCmd                   text51       003B9E
__end_of_LcdInit                  text7        003406
__end_of_LcdOut                   text54       00386E
__end_of_LcdPutChar               text53       003AD2
__end_of_LcdPutStr                text52       00320A
__end_of_LcdSetCursor             text50       003620
__end_of_MsgInicialLcd            text6        0030F2
__end_of_SystemControl            text10       00270C
__end_of___awdiv                  text21       002EF4
__end_of___fladd                  text39       001532
__end_of___fldiv                  text44       001CF6
__end_of___fleq                   text43       003060
__end_of___flge                   text42       002B6A
__end_of___flmul                  text41       00195C
__end_of___flneg                  text40       003A9A
__end_of___flsub                  text38       00395A
__end_of___fltol                  text37       002A66
__end_of___fpclassifyf            text36       002D66
__end_of___wmul                   text48       003B5A
__end_of___xxtofl                 text18       002442
__end_of__initialization          cinit        003B70
__end_of_atoi                     text45       002856
__end_of_changeBuzzerState        text19       003BB6
__end_of_configOutputs            text4        00330E
__end_of_digitalRead              text13       003A62
__end_of_digitalWrite             text20       0037B0
__end_of_efgtoa                   text26       001072
__end_of_fGetPercentDuty          text17       0034EA
__end_of_fGetVoltage              text16       003478
__end_of_floorf                   text35       00228E
__end_of_fputc                    text31       002E30
__end_of_fputs                    text30       0039E4
__end_of_iAnalogRead              text15       00374C
__end_of_iConfigADC               text3        00338C
__end_of_iConfigPWM               text2        00328C
__end_of_iPWMSetDuty              text14       002C68
__end_of_isdigit                  text47       003B34
__end_of_isr                      intcode_body 0038C4
__end_of_isspace                  text46       0039A0
__end_of_labs                     text34       0035BA
__end_of_main                     text0        003BEC
__end_of_memcpy                   text33       003914
__end_of_memset                   text49       0025B8
__end_of_pad                      text28       003184
__end_of_pinMode                  text5        003684
__end_of_putch                    text32       003BFC
__end_of_readBuzzerState          text12       003BDC
__end_of_setLedsOn                text11       0036E8
__end_of_setup                    text1        003554
__end_of_snprintf                 text23       002960
__end_of_strcpy                   text27       003A24
__end_of_strlen                   text29       003B08
__end_of_vfpfcnvrt                text25       00207C
__end_of_vfprintf                 text24       003812
__initialization                  cinit        003B5A
__mediumconst                     mediumconst  000000
__pbssBANK0                       bssBANK0     0000FD
__pbssBANK1                       bssBANK1     000100
__pbssCOMRAM                      bssCOMRAM    00007D
__pcinit                          cinit        003B5A
__pcstackBANK0                    cstackBANK0  000080
__pcstackCOMRAM                   cstackCOMRAM 000001
__pintcode                        intcode      000008
__pintcode_body                   intcode_body 00386E
__psmallconst                     smallconst   000600
__ptext0                          text0        003BDC
__ptext1                          text1        0034EA
__ptext10                         text10       0025B8
__ptext11                         text11       003684
__ptext12                         text12       003BCA
__ptext13                         text13       003A24
__ptext14                         text14       002B6A
__ptext15                         text15       0036E8
__ptext16                         text16       003406
__ptext17                         text17       003478
__ptext18                         text18       00228E
__ptext19                         text19       003B9E
__ptext2                          text2        00320A
__ptext20                         text20       00374C
__ptext21                         text21       002E30
__ptext22                         text22       002EF4
__ptext23                         text23       002856
__ptext24                         text24       0037B0
__ptext25                         text25       001CF6
__ptext26                         text26       000664
__ptext27                         text27       0039E4
__ptext28                         text28       0030F2
__ptext29                         text29       003AD2
__ptext3                          text3        00330E
__ptext30                         text30       0039A0
__ptext31                         text31       002D66
__ptext32                         text32       003BFA
__ptext33                         text33       0038C4
__ptext34                         text34       003554
__ptext35                         text35       00207C
__ptext36                         text36       002C68
__ptext37                         text37       002960
__ptext38                         text38       003914
__ptext39                         text39       001072
__ptext4                          text4        00328C
__ptext40                         text40       003A62
__ptext41                         text41       001532
__ptext42                         text42       002A66
__ptext43                         text43       002FB6
__ptext44                         text44       00195C
__ptext45                         text45       00270C
__ptext46                         text46       00395A
__ptext47                         text47       003B08
__ptext48                         text48       003B34
__ptext49                         text49       002442
__ptext5                          text5        003620
__ptext50                         text50       0035BA
__ptext51                         text51       003B7E
__ptext52                         text52       003184
__ptext53                         text53       003A9A
__ptext54                         text54       003812
__ptext6                          text6        003060
__ptext7                          text7        00338C
__ptext8                          text8        003BEC
__ptext9                          text9        003BB6
__ramtop                          ramtop       000600
__smallconst                      smallconst   000600
_atoi                             text45       00270C
_changeBuzzerState                text19       003B9E
_configOutputs                    text4        00328C
_dbuf                             bssBANK1     000110
_digitalRead                      text13       003A24
_digitalWrite                     text20       00374C
_efgtoa                           text26       000664
_efgtoa$1156                      cstackBANK0  000086
_errno                            bssBANK1     00010E
_fGetPercentDuty                  text17       003478
_fGetVoltage                      text16       003406
_flags                            bssCOMRAM    00007D
_floorf                           text35       00207C
_fputc                            text31       002D66
_fputs                            text30       0039A0
_gstTimer1Seg                     bssBANK0     0000FD
_iAnalogRead                      text15       0036E8
_iConfigADC                       text3        00330E
_iConfigPWM                       text2        00320A
_iPWMSetDuty                      text14       002B6A
_isdigit                          text47       003B08
_isr                              intcode      000008
_isspace                          text46       00395A
_isspace$1235                     cstackCOMRAM 000005
_labs                             text34       003554
_main                             text0        003BDC
_memcpy                           text33       0038C4
_memset                           text49       002442
_nout                             bssBANK1     000108
_pad                              text28       0030F2
_pinMode                          text5        003620
_prec                             bssBANK1     00010C
_putch                            text32       003BFA
_readBuzzerState                  text12       003BCA
_setLedsOn                        text11       003684
_setup                            text1        0034EA
_snprintf                         text23       002856
_snprintf$1046                    cstackBANK0  0000B6
_strcpy                           text27       0039E4
_strlen                           text29       003AD2
_vfpfcnvrt                        text25       001CF6
_vfprintf                         text24       0037B0
_width                            bssBANK1     00010A
atoi@n                            cstackCOMRAM 00000E
atoi@neg                          cstackCOMRAM 00000C
atoi@s                            cstackCOMRAM 000007
btemp                             temp         00007E
changeBuzzerState@fState          cstackCOMRAM 000008
configOutputs@i                   cstackCOMRAM 000008
digitalRead@pcPort                cstackCOMRAM 000001
digitalRead@uiPin                 cstackCOMRAM 000003
digitalWrite@fState               cstackCOMRAM 000004
digitalWrite@pcLat                cstackCOMRAM 000001
digitalWrite@uiPin                cstackCOMRAM 000003
efgtoa@c                          cstackCOMRAM 000053
efgtoa@d                          cstackBANK0  00008B
efgtoa@e                          cstackBANK0  00008F
efgtoa@f                          cstackCOMRAM 00004F
efgtoa@fp                         cstackCOMRAM 00004D
efgtoa@g                          cstackBANK0  0000A4
efgtoa@h                          cstackBANK0  000099
efgtoa@i                          cstackBANK0  000097
efgtoa@l                          cstackBANK0  00009D
efgtoa@m                          cstackBANK0  00008D
efgtoa@mode                       cstackBANK0  000089
efgtoa@n                          cstackBANK0  0000A2
efgtoa@ne                         cstackBANK0  000080
efgtoa@nmode                      cstackBANK0  00008A
efgtoa@ou                         cstackBANK0  000093
efgtoa@p                          cstackBANK0  000082
efgtoa@pp                         cstackBANK0  000088
efgtoa@sign                       cstackBANK0  0000A1
efgtoa@t                          cstackBANK0  000084
efgtoa@u                          cstackBANK0  0000A8
efgtoa@w                          cstackBANK0  000091
end_of_initialization             cinit        003B70
fGetPercentDuty@iValue            cstackCOMRAM 000041
fGetVoltage@iValue                cstackCOMRAM 000041
floorf@F526                       bssBANK1     000100
floorf@e                          cstackCOMRAM 000036
floorf@m                          cstackCOMRAM 000032
floorf@u                          cstackCOMRAM 000038
floorf@x                          cstackCOMRAM 000028
fputc@c                           cstackCOMRAM 000001
fputc@fp                          cstackCOMRAM 000003
fputs@c                           cstackCOMRAM 00000E
fputs@fp                          cstackCOMRAM 00000C
fputs@i                           cstackCOMRAM 00000F
fputs@s                           cstackCOMRAM 00000A
iAnalogRead@iChannel              cstackCOMRAM 000001
iConfigADC@iNumChannels           cstackCOMRAM 000001
iConfigPWM@iNumPin                cstackCOMRAM 000001
iPWMSetDuty@iDuty                 cstackCOMRAM 00004D
iPWMSetDuty@iNumPin               cstackCOMRAM 00004B
int$flags                         temp         00007E
int_func                          intcode_body 00386E
intlevel0                         text         000000
intlevel1                         text         000000
intlevel2                         text         000000
intlevel3                         text         000000
isa$std                           (abs)        000001
isa$xinst                         (abs)        000000
isdigit@c                         cstackCOMRAM 000001
isspace@c                         cstackCOMRAM 000001
labs@a                            cstackCOMRAM 000001
memcpy@d                          cstackCOMRAM 000007
memcpy@d1                         cstackCOMRAM 000001
memcpy@n                          cstackCOMRAM 000005
memcpy@s                          cstackCOMRAM 000009
memcpy@s1                         cstackCOMRAM 000003
memcpy@tmp                        cstackCOMRAM 00000B
memset@c                          cstackCOMRAM 000003
memset@dest                       cstackCOMRAM 000001
memset@k                          cstackCOMRAM 000009
memset@n                          cstackCOMRAM 000005
memset@s                          cstackCOMRAM 00000B
pad@buf                           cstackCOMRAM 000013
pad@fp                            cstackCOMRAM 000011
pad@i                             cstackCOMRAM 000018
pad@p                             cstackCOMRAM 000015
pad@w                             cstackCOMRAM 00001A
pinMode@fMode                     cstackCOMRAM 000004
pinMode@pcTris                    cstackCOMRAM 000001
pinMode@uiPin                     cstackCOMRAM 000003
setLedsOn@i                       cstackCOMRAM 00000C
setLedsOn@uiNumLeds               cstackCOMRAM 00000B
setup@fInitPwmDuty                cstackCOMRAM 000079
setup@fInitVoltage                cstackCOMRAM 000075
snprintf@ap                       cstackBANK0  0000B8
snprintf@cnt                      cstackBANK0  0000BA
snprintf@f                        cstackBANK0  0000BC
snprintf@fmt                      cstackBANK0  0000B0
snprintf@n                        cstackBANK0  0000AE
snprintf@s                        cstackBANK0  0000AC
stackhi                           (abs)        000000
stacklo                           (abs)        000000
start                             init         00000E
start_initialization              cinit        003B5A
strcpy@d                          cstackCOMRAM 000007
strcpy@dest                       cstackCOMRAM 000001
strcpy@s                          cstackCOMRAM 000005
strcpy@src                        cstackCOMRAM 000003
strlen@a                          cstackCOMRAM 000003
strlen@s                          cstackCOMRAM 000001
ttemp5                            temp         00007F
ttemp6                            temp         000082
ttemp7                            temp         000086
vfpfcnvrt@ap                      cstackCOMRAM 00005A
vfpfcnvrt@c                       cstackCOMRAM 000067
vfpfcnvrt@convarg                 cstackCOMRAM 00005F
vfpfcnvrt@cp                      cstackCOMRAM 000068
vfpfcnvrt@fmt                     cstackCOMRAM 000058
vfpfcnvrt@fp                      cstackCOMRAM 000056
vfprintf@ap                       cstackCOMRAM 00006E
vfprintf@cfmt                     cstackCOMRAM 000070
vfprintf@fmt                      cstackCOMRAM 00006C
vfprintf@fp                       cstackCOMRAM 00006A
wtemp8                            temp         00007F


MODULE INFORMATION

Module		Function		Class		Link	Load	Size
C:\Program Files\Microchip\xc8\v2.40\pic\sources\c99\common\sprcmul.c
		___flmul       		CODE           	1532	0000	1066

C:\Program Files\Microchip\xc8\v2.40\pic\sources\c99\common\sprcmul.c estimated size: 1066

C:\Program Files\Microchip\xc8\v2.40\pic\sources\c99\common\nf_fputc.c
		_fputc         		CODE           	2D66	0000	202

C:\Program Files\Microchip\xc8\v2.40\pic\sources\c99\common\nf_fputc.c estimated size: 202

C:\Program Files\Microchip\xc8\v2.40\pic\sources\c99\common\sprcdiv.c
		___fldiv       		CODE           	195C	0000	922

C:\Program Files\Microchip\xc8\v2.40\pic\sources\c99\common\sprcdiv.c estimated size: 922

C:\Program Files\Microchip\xc8\v2.40\pic\sources\c99\common\memcpy.c
		_memcpy        		CODE           	38C4	0000	80

C:\Program Files\Microchip\xc8\v2.40\pic\sources\c99\common\memcpy.c estimated size: 80

C:\Program Files\Microchip\xc8\v2.40\pic\sources\c99\common\awdiv.c
		___awdiv       		CODE           	2E30	0000	196

C:\Program Files\Microchip\xc8\v2.40\pic\sources\c99\common\awdiv.c estimated size: 196

C:\Program Files\Microchip\xc8\v2.40\pic\sources\c99\common\fltol.c
		___fltol       		CODE           	2960	0000	262

C:\Program Files\Microchip\xc8\v2.40\pic\sources\c99\common\fltol.c estimated size: 262

C:\Program Files\Microchip\xc8\v2.40\pic\sources\c99\common\isspace.c
		_isspace       		CODE           	395A	0000	70

C:\Program Files\Microchip\xc8\v2.40\pic\sources\c99\common\isspace.c estimated size: 70

C:\Program Files\Microchip\xc8\v2.40\pic\sources\c99\common\atoi.c
		_atoi          		CODE           	270C	0000	330

C:\Program Files\Microchip\xc8\v2.40\pic\sources\c99\common\atoi.c estimated size: 330

C:\Program Files\Microchip\xc8\v2.40\pic\sources\c99\common\Umul16.c
		___wmul        		CODE           	3B34	0000	38

C:\Program Files\Microchip\xc8\v2.40\pic\sources\c99\common\Umul16.c estimated size: 38

C:\Program Files\Microchip\xc8\v2.40\pic\sources\c99\common\fleq.c
		___fleq        		CODE           	2FB6	0000	170

C:\Program Files\Microchip\xc8\v2.40\pic\sources\c99\common\fleq.c estimated size: 170

interrupts.c
		_ConfigTimerZeroISR		CODE           	3BB6	0000	20

interrupts.c estimated size: 20

outputs.c
		_configOutputs 		CODE           	328C	0000	130
		_changeBuzzerState		CODE           	3B9E	0000	24
		_readBuzzerState		CODE           	3BCA	0000	18
		_digitalRead   		CODE           	3A24	0000	62
		_digitalWrite  		CODE           	374C	0000	100
		_pinMode       		CODE           	3620	0000	100
		_setLedsOn     		CODE           	3684	0000	100

outputs.c estimated size: 534

C:\Program Files\Microchip\xc8\v2.40\pic\sources\c99\common\__fpclassifyf.c
		___fpclassifyf 		CODE           	2C68	0000	254

C:\Program Files\Microchip\xc8\v2.40\pic\sources\c99\common\__fpclassifyf.c estimated size: 254

C:\Program Files\Microchip\xc8\v2.40\pic\sources\c99\common\isdigit.c
		_isdigit       		CODE           	3B08	0000	44

C:\Program Files\Microchip\xc8\v2.40\pic\sources\c99\common\isdigit.c estimated size: 44

C:\Program Files\Microchip\xc8\v2.40\pic\sources\c99\common\sprcadd.c
		___flsub       		CODE           	3914	0000	70
		___fladd       		CODE           	1072	0000	1216

C:\Program Files\Microchip\xc8\v2.40\pic\sources\c99\common\sprcadd.c estimated size: 1286

pwm.c
		_iPWMSetDuty   		CODE           	2B6A	0000	254
		_iConfigPWM    		CODE           	320A	0000	130

pwm.c estimated size: 384

C:\Program Files\Microchip\xc8\v2.40\pic\sources\c99\common\floorf.c
		_floorf        		CODE           	207C	0000	530

C:\Program Files\Microchip\xc8\v2.40\pic\sources\c99\common\floorf.c estimated size: 530

C:\Program Files\Microchip\xc8\v2.40\pic\sources\c99\common\nf_snprintf.c
		_snprintf      		CODE           	2856	0000	266

C:\Program Files\Microchip\xc8\v2.40\pic\sources\c99\common\nf_snprintf.c estimated size: 266

C:\Program Files\Microchip\xc8\v2.40\pic\sources\c99\common\flneg.c
		___flneg       		CODE           	3A62	0000	56

C:\Program Files\Microchip\xc8\v2.40\pic\sources\c99\common\flneg.c estimated size: 56

adc.c
		_iAnalogRead   		CODE           	36E8	0000	100
		_iConfigADC    		CODE           	330E	0000	126

adc.c estimated size: 226

C:\Program Files\Microchip\xc8\v2.40\pic\sources\c99\common\labs.c
		_labs          		CODE           	3554	0000	102

C:\Program Files\Microchip\xc8\v2.40\pic\sources\c99\common\labs.c estimated size: 102

C:\Program Files\Microchip\xc8\v2.40\pic\sources\c99\common\xxtofl.c
		___xxtofl      		CODE           	228E	0000	436

C:\Program Files\Microchip\xc8\v2.40\pic\sources\c99\common\xxtofl.c estimated size: 436

C:\Program Files\Microchip\xc8\v2.40\pic\sources\c99\common\nf_fputs.c
		_fputs         		CODE           	39A0	0000	68

C:\Program Files\Microchip\xc8\v2.40\pic\sources\c99\common\nf_fputs.c estimated size: 68

C:\Program Files\Microchip\xc8\v2.40\pic\sources\c99\common\strlen.c
		_strlen        		CODE           	3AD2	0000	54

C:\Program Files\Microchip\xc8\v2.40\pic\sources\c99\common\strlen.c estimated size: 54

shared
		__initialization		CODE           	3B5A	0000	22

shared estimated size: 22

C:\Program Files\Microchip\xc8\v2.40\pic\sources\c99\common\strcpy.c
		_strcpy        		CODE           	39E4	0000	64

C:\Program Files\Microchip\xc8\v2.40\pic\sources\c99\common\strcpy.c estimated size: 64

C:\Program Files\Microchip\xc8\v2.40\pic\sources\c99\common\flge.c
		___flge        		CODE           	2A66	0000	260

C:\Program Files\Microchip\xc8\v2.40\pic\sources\c99\common\flge.c estimated size: 260

C:\Program Files\Microchip\xc8\v2.40\pic\sources\c99\common\memset.c
		_memset        		CODE           	2442	0000	374

C:\Program Files\Microchip\xc8\v2.40\pic\sources\c99\common\memset.c estimated size: 374

C:\Program Files\Microchip\xc8\v2.40\pic\sources\c99\common\putch.c
		_putch         		CODE           	3BFA	0000	2

C:\Program Files\Microchip\xc8\v2.40\pic\sources\c99\common\putch.c estimated size: 2

lcd.c
		_LcdClear      		CODE           	3BEC	0000	14
		_LcdOut        		CODE           	3812	0000	92
		_LcdCmd        		CODE           	3B7E	0000	32
		_LcdPutStr     		CODE           	3184	0000	134
		_LcdPutChar    		CODE           	3A9A	0000	56
		_LcdInit       		CODE           	338C	0000	122
		_LcdSetCursor  		CODE           	35BA	0000	102

lcd.c estimated size: 552

C:\Program Files\Microchip\xc8\v2.40\pic\sources\c99\common\doprnt.c
		_vfpfcnvrt     		CODE           	1CF6	0000	902
		_efgtoa        		CODE           	0664	0000	2574
		_pad           		CODE           	30F2	0000	146
		_vfprintf      		CODE           	37B0	0000	98

C:\Program Files\Microchip\xc8\v2.40\pic\sources\c99\common\doprnt.c estimated size: 3720

main.c
		_DispSystemParam		CODE           	2EF4	0000	194
		_main          		CODE           	3BDC	0000	16
		_fGetVoltage   		CODE           	3406	0000	114
		_MsgInicialLcd 		CODE           	3060	0000	146
		_fGetPercentDuty		CODE           	3478	0000	114
		_isr           		CODE           	0008	0000	92
		_SystemControl 		CODE           	25B8	0000	340
		_setup         		CODE           	34EA	0000	106

main.c estimated size: 1122

