
ASEM-51 V1.3                                         Copyright (c) 2002 by W.W. Heinz                                         PAGE 1





       MCS-51 Family Macro Assembler   A S E M - 5 1   V 1.3
       =====================================================



	Source File:	H:\Silvio Pasta\Projetos do livro de treino 8051\Projeto 5\dptr.asm
	Object File:	H:\Silvio Pasta\Projetos do livro de treino 8051\Projeto 5\dptr.hex
	List File:	H:\Silvio Pasta\Projetos do livro de treino 8051\Projeto 5\dptr.lst



 Line  I  Addr  Code            Source

    1:				; ==================================================================================
    2:				; =================      ETEC Aristóteles Ferreira   ==================
    3:				; ================     Yhan Christian Souza Silva        ================
    4:				; =====            Programa_01  dptr.asm  ver. 0.0 data: 03/04/13       ========

    5:				; ===================================================================================
    6:
    7:		N      0000		org	0		;começo do programa
    8:	  0000	90 00 10		mov	DPTR,#0010h	;escrevi o valor 0010h no registrador DPTR
    9:	  0003	74 00			mov	A,#0h		;carrega ACC com 0h
   10:	  0005	73			jmp	@A+DPTR		;vou desviar o PC (contador do programa) para
   11:								;DPTR+A=DPTR(neste caso), isto é, vou fazer
   12:								;o programa desviar para o endereço dado pelo DPTR
   13:
   14:		N      0010		org	0010h		;localizo a posição 0010h
   15:	  0010	75 83 00		mov	DPH,#00h	;nesta posição (0010h). escrevi instrução para
   16:	  0013	75 82 20		mov 	DPL,#20h	;mover 0020h para DPTR por meio de DPH e
   17:								;DPL, isto é, por partes de 8 bits.
   18:	  0016	73			jmp	@A+dptr		;desvio agora para o endereço 0020h
   19:		N      0020		org	0020h		;localizo a posição 0020h
   20:	  0020	02 00 00		ljmp	0000h		;escrevi nesta posição (0020h) que voltarei
   21:								;para a origem pór meio do "long jump".
   22:
   23:					end			;fim de programa





                     register banks used:  ---

                     no errors




ASEM-51 V1.3                                         Copyright (c) 2002 by W.W. Heinz                                         PAGE 2





	       L I S T   O F   S Y M B O L S
	       =============================


SYMBOL				  TYPE     VALUE	LINE
------------------------------------------------------------
??ASEM_51			  NUMBER    8051
??VERSION			  NUMBER    0130
AC				  BIT	      D6
ACC				  DATA	      E0
B				  DATA	      F0
CY				  BIT	      D7
DPH				  DATA	      83
DPL				  DATA	      82
EA				  BIT	      AF
ES				  BIT	      AC
ET0				  BIT	      A9
ET1				  BIT	      AB
EX0				  BIT	      A8
EX1				  BIT	      AA
EXTI0				  CODE	    0003
EXTI1				  CODE	    0013
F0				  BIT	      D5
IE				  DATA	      A8
IE0				  BIT	      89
IE1				  BIT	      8B
INT0				  BIT	      B2
INT1				  BIT	      B3
IP				  DATA	      B8
IT0				  BIT	      88
IT1				  BIT	      8A
OV				  BIT	      D2
P				  BIT	      D0
P0				  DATA	      80
P1				  DATA	      90
P2				  DATA	      A0
P3				  DATA	      B0
PCON				  DATA	      87
PS				  BIT	      BC
PSW				  DATA	      D0
PT0				  BIT	      B9
PT1				  BIT	      BB
PX0				  BIT	      B8
PX1				  BIT	      BA
RB8				  BIT	      9A
RD				  BIT	      B7
REN				  BIT	      9C
RESET				  CODE	    0000
RI				  BIT	      98
RS0				  BIT	      D3
RS1				  BIT	      D4
RXD				  BIT	      B0
SBUF				  DATA	      99
SCON				  DATA	      98
SINT				  CODE	    0023
SM0				  BIT	      9F

ASEM-51 V1.3                                         Copyright (c) 2002 by W.W. Heinz                                         PAGE 3



SYMBOL				  TYPE     VALUE	LINE
------------------------------------------------------------
SM1				  BIT	      9E
SM2				  BIT	      9D
SP				  DATA	      81
T0				  BIT	      B4
T1				  BIT	      B5
TB8				  BIT	      9B
TCON				  DATA	      88
TF0				  BIT	      8D
TF1				  BIT	      8F
TH0				  DATA	      8C
TH1				  DATA	      8D
TI				  BIT	      99
TIMER0				  CODE	    000B
TIMER1				  CODE	    001B
TL0				  DATA	      8A
TL1				  DATA	      8B
TMOD				  DATA	      89
TR0				  BIT	      8C
TR1				  BIT	      8E
TXD				  BIT	      B1
WR				  BIT	      B6
