MPLINK 5.08, LINKER
Linker Map File - Created Thu Oct 12 11:15:05 2017

                                 Section Info
                  Section       Type    Address   Location Size(Bytes)
                ---------  ---------  ---------  ---------  ---------
                   .org_0       code   0x000000    program   0x00002c
                   .cinit    romdata   0x000016    program   0x000004
.config_2007_BUILD/DEFAULT/PRODUCTION/ACENDEL       code   0x002007    program   0x000002



                              Program Memory Usage 
                               Start         End      
                           ---------   ---------      
                            0x000000    0x000017      
                            0x002007    0x002007      
            25 out of 2182 program addresses used, program memory utilization is 1%



                              Symbols - Sorted by Name
                     Name    Address   Location    Storage File                     
                ---------  ---------  ---------  --------- ---------                
           BOTAO_LIBERADO   0x000012    program     static C:\Users\Yhan Christian\Desktop\Acendeled\Acendled.X\AcendeLed.asm
        BOTAO_PRESSIONADO   0x000014    program     static C:\Users\Yhan Christian\Desktop\Acendeled\Acendled.X\AcendeLed.asm
                     MAIN   0x00000f    program     static C:\Users\Yhan Christian\Desktop\Acendeled\Acendled.X\AcendeLed.asm
                    SETUP   0x000001    program     static C:\Users\Yhan Christian\Desktop\Acendeled\Acendled.X\AcendeLed.asm



                              Symbols - Sorted by Address
                     Name    Address   Location    Storage File                     
                ---------  ---------  ---------  --------- ---------                
                    SETUP   0x000001    program     static C:\Users\Yhan Christian\Desktop\Acendeled\Acendled.X\AcendeLed.asm
                     MAIN   0x00000f    program     static C:\Users\Yhan Christian\Desktop\Acendeled\Acendled.X\AcendeLed.asm
           BOTAO_LIBERADO   0x000012    program     static C:\Users\Yhan Christian\Desktop\Acendeled\Acendled.X\AcendeLed.asm
        BOTAO_PRESSIONADO   0x000014    program     static C:\Users\Yhan Christian\Desktop\Acendeled\Acendled.X\AcendeLed.asm


